order-service-2        | [2026-03-19 10:57:11 +0000] [134] [INFO] {"ts":"2026-03-19T10:57:11.227738+00:00","event":"saga_mq_result_applied","service":"order-service","component":"saga-mq","tx_id":"b6837388-43df-4e20-80e3-3cec7a1b7400","participant":"stock","action":"reserve","correlation_id":"94054749-e05d-413e-8a6c-9e1bcb0ff064","ok":"1","retryable":"0","detail":"already reserved"}
order-service-2        | [2026-03-19 10:57:11 +0000] [134] [INFO] {"ts":"2026-03-19T10:57:11.302956+00:00","event":"saga_mq_result_applied","service":"order-service","component":"saga-mq","tx_id":"f84f2915-c65e-40a5-8fa6-f9c32eaf6141","participant":"payment","action":"debit","correlation_id":"db010d4e-4329-43a5-9f26-e36147cb3883","ok":"1","retryable":"0","detail":""}
order-service-2        | [2026-03-19 10:57:11 +0000] [134] [INFO] {"ts":"2026-03-19T10:57:11.402631+00:00","event":"saga_mq_result_applied","service":"order-service","component":"saga-mq","tx_id":"b6837388-43df-4e20-80e3-3cec7a1b7400","participant":"stock","action":"reserve","correlation_id":"f86b17b6-83e5-448e-8631-49c72bf89e0d","ok":"1","retryable":"0","detail":"reserved"}
order-service-2        | [2026-03-19 10:57:11 +0000] [134] [INFO] {"ts":"2026-03-19T10:57:11.568212+00:00","event":"saga_mq_result_applied","service":"order-service","component":"saga-mq","tx_id":"be35944e-7127-49cf-bbaf-cb8c8e84a340","participant":"stock","action":"reserve","correlation_id":"8d1ce72d-f00a-4f3c-af8f-418b6d59a318","ok":"1","retryable":"0","detail":"reserved"}
order-service-2        | [2026-03-19 10:57:11 +0000] [134] [INFO] {"ts":"2026-03-19T10:57:11.622569+00:00","event":"saga_mq_result_applied","service":"order-service","component":"saga-mq","tx_id":"b6837388-43df-4e20-80e3-3cec7a1b7400","participant":"payment","action":"debit","correlation_id":"8b93d50f-89b6-425d-897c-4bd29400cd66","ok":"1","retryable":"0","detail":""}
order-service-2        | [2026-03-19 10:57:11 +0000] [134] [INFO] {"ts":"2026-03-19T10:57:11.740742+00:00","event":"saga_mq_result_applied","service":"order-service","component":"saga-mq","tx_id":"be35944e-7127-49cf-bbaf-cb8c8e84a340","participant":"payment","action":"debit","correlation_id":"06908c36-42c7-48d2-8650-eb21e64588b7","ok":"1","retryable":"0","detail":""}
order-service-2        | [2026-03-19 10:57:11 +0000] [134] [INFO] {"ts":"2026-03-19T10:57:11.854622+00:00","event":"saga_mq_result_applied","service":"order-service","component":"saga-mq","tx_id":"f3a994ea-f00d-4f27-b8ab-5cb092a4514c","participant":"stock","action":"reserve","correlation_id":"26948902-a70c-4e4a-8151-e982c791d8e7","ok":"1","retryable":"0","detail":"already reserved"}
order-service-2        | [2026-03-19 10:57:11 +0000] [134] [INFO] {"ts":"2026-03-19T10:57:11.947936+00:00","event":"saga_mq_result_applied","service":"order-service","component":"saga-mq","tx_id":"f3a994ea-f00d-4f27-b8ab-5cb092a4514c","participant":"stock","action":"reserve","correlation_id":"100e403b-a1b8-4806-ae01-52db130f9666","ok":"1","retryable":"0","detail":"reserved"}
order-service-2        | [2026-03-19 10:57:11 +0000] [134] [INFO] {"ts":"2026-03-19T10:57:11.969477+00:00","event":"saga_mq_result_applied","service":"order-service","component":"saga-mq","tx_id":"c1abe2a9-81b4-4e9c-bd7e-57106fa6e73c","participant":"stock","action":"reserve","correlation_id":"1a3a356a-37a1-4725-97cf-50997b7d6ee2","ok":"1","retryable":"0","detail":"already reserved"}
order-service-2        | [2026-03-19 10:57:12 +0000] [134] [INFO] {"ts":"2026-03-19T10:57:12.152912+00:00","event":"saga_mq_result_applied","service":"order-service","component":"saga-mq","tx_id":"f3a994ea-f00d-4f27-b8ab-5cb092a4514c","participant":"payment","action":"debit","correlation_id":"4234e07f-5a40-4240-ab20-a279a67303f4","ok":"1","retryable":"0","detail":""}
order-service-2        | [2026-03-19 10:57:12 +0000] [134] [INFO] {"ts":"2026-03-19T10:57:12.254499+00:00","event":"saga_mq_result_applied","service":"order-service","component":"saga-mq","tx_id":"c1abe2a9-81b4-4e9c-bd7e-57106fa6e73c","participant":"stock","action":"reserve","correlation_id":"a0f52782-5628-42ec-a92c-463a20294ce6","ok":"1","retryable":"0","detail":"reserved"}
order-service-2        | [2026-03-19 10:57:12 +0000] [134] [INFO] {"ts":"2026-03-19T10:57:12.373604+00:00","event":"saga_mq_result_applied","service":"order-service","component":"saga-mq","tx_id":"741b2ef4-e766-4994-90aa-e081e44fcc8e","participant":"stock","action":"reserve","correlation_id":"c62a3db4-c13e-4ac4-96b0-72e2a71336dd","ok":"1","retryable":"0","detail":"already reserved"}
payment-service-1      | [2026-03-19 10:56:40 +0000] [9] [INFO] {"ts":"2026-03-19T10:56:40.394862+00:00","event":"create_user","service":"payment-service","component":"participant","user_id":"329477a9-7f43-4915-b55d-00f9cfc6f618"}
order-service-2        | [2026-03-19 10:57:12 +0000] [134] [INFO] {"ts":"2026-03-19T10:57:12.393797+00:00","event":"saga_mq_result_applied","service":"order-service","component":"saga-mq","tx_id":"c1abe2a9-81b4-4e9c-bd7e-57106fa6e73c","participant":"payment","action":"debit","correlation_id":"422ebedc-fd73-4fb6-9496-be63e3af89a7","ok":"1","retryable":"0","detail":""}
order-service-2        | [2026-03-19 10:57:12 +0000] [134] [INFO] {"ts":"2026-03-19T10:57:12.469481+00:00","event":"saga_mq_result_applied","service":"order-service","component":"saga-mq","tx_id":"741b2ef4-e766-4994-90aa-e081e44fcc8e","participant":"stock","action":"reserve","correlation_id":"0080d02c-4074-4421-915f-dff9f7d48612","ok":"1","retryable":"0","detail":"reserved"}
stock-db-replica-1     | 30:C 19 Mar 2026 10:40:26.407 * Fork CoW for RDB: current 1 MB, peak 1 MB, average 0 MB
stock-db-replica-1     | 1:S 19 Mar 2026 10:40:26.445 * Background saving terminated with success
stock-db-replica-1     | 1:S 19 Mar 2026 10:41:08.448 * Connection with master lost.
stock-db-replica-1     | 1:S 19 Mar 2026 10:41:08.448 * Caching the disconnected master state.
stock-db-replica-1     | 1:S 19 Mar 2026 10:41:08.448 * Reconnecting to MASTER stock-db:6379
stock-db-replica-1     | 1:S 19 Mar 2026 10:41:08.449 * MASTER <-> REPLICA sync started
stock-db-replica-1     | 1:S 19 Mar 2026 10:41:08.449 * Non blocking connect for SYNC fired the event.
stock-db-replica-1     | 1:S 19 Mar 2026 10:41:08.450 # Failed to read response from the server: Success
stock-db-replica-1     | 1:S 19 Mar 2026 10:41:08.450 # Master did not respond to command during SYNC handshake
stock-db-replica-1     | 1:S 19 Mar 2026 10:41:08.664 * Connecting to MASTER stock-db:6379
stock-db-replica-1     | 1:S 19 Mar 2026 10:41:08.676 * MASTER <-> REPLICA sync started
stock-db-replica-1     | 1:S 19 Mar 2026 10:41:08.677 # Error condition on socket for SYNC: Connection refused
stock-db-replica-1     | 1:S 19 Mar 2026 10:41:09.702 * Connecting to MASTER stock-db:6379
stock-db-replica-1     | 1:S 19 Mar 2026 10:41:09.749 * MASTER <-> REPLICA sync started
stock-db-replica-1     | 1:S 19 Mar 2026 10:41:14.890 # Error condition on socket for SYNC: Connection refused
stock-db-replica-1     | 1:S 19 Mar 2026 10:41:15.008 * Connecting to MASTER stock-db:6379
stock-service-1        | [2026-03-19 10:56:51 +0000] [8] [INFO] {"ts":"2026-03-19T10:56:51.925143+00:00","event":"saga_reserve_complete","service":"stock-service","component":"participant","tx_id":"3bbdb323-664e-4c4f-94b8-dc414ef3b9f2","item_id":"51998","amount":1,"status":"reserved"}
stock-service-1        | [2026-03-19 10:56:51 +0000] [8] [INFO] {"ts":"2026-03-19T10:56:51.944380+00:00","event":"saga_worker_command_processed","service":"stock-service","component":"saga-worker","stream":"saga:cmd:stock:p3","message_id":"1773917811912-0","correlation_id":"dcf4c073-6551-4366-843e-fd756ee5509a","tx_id":"3bbdb323-664e-4c4f-94b8-dc414ef3b9f2","action":"reserve","partition":3,"ok":true,"retryable":false,"detail":"reserved","duration_ms":7.842}
stock-service-1        | [2026-03-19 10:56:51 +0000] [8] [INFO] {"ts":"2026-03-19T10:56:51.160845+00:00","event":"saga_reserve_complete","service":"stock-service","component":"participant","tx_id":"7f5ed5ef-93fa-4dc7-881c-41db2659f136","item_id":"92677","amount":1,"status":"already reserved"}
stock-service-1        | [2026-03-19 10:56:51 +0000] [8] [INFO] {"ts":"2026-03-19T10:56:51.176382+00:00","event":"saga_worker_command_processed","service":"stock-service","component":"saga-worker","stream":"saga:cmd:stock:p1","message_id":"1773917811164-1","correlation_id":"f00c38c7-3f60-4db0-82a8-a6b3d41df91d","tx_id":"7f5ed5ef-93fa-4dc7-881c-41db2659f136","action":"reserve","partition":1,"ok":true,"retryable":false,"detail":"already reserved","duration_ms":2.316}
stock-service-1        | [2026-03-19 10:56:51 +0000] [8] [INFO] {"ts":"2026-03-19T10:56:51.246029+00:00","event":"saga_reserve_complete","service":"stock-service","component":"participant","tx_id":"beb04c02-8bee-4023-a83d-51b290e82449","item_id":"35486","amount":1,"status":"reserved"}
stock-service-1        | [2026-03-19 10:56:51 +0000] [8] [INFO] {"ts":"2026-03-19T10:56:51.251997+00:00","event":"saga_worker_command_processed","service":"stock-service","component":"saga-worker","stream":"saga:cmd:stock:p3","message_id":"1773917811912-1","correlation_id":"b271a76a-a949-463a-afad-d60857cd7183","tx_id":"beb04c02-8bee-4023-a83d-51b290e82449","action":"reserve","partition":3,"ok":true,"retryable":false,"detail":"reserved","duration_ms":12.916}
stock-service-1        | [2026-03-19 10:56:51 +0000] [8] [INFO] {"ts":"2026-03-19T10:56:51.575798+00:00","event":"saga_reserve_complete","service":"stock-service","component":"participant","tx_id":"4c8b3be7-ed6a-4e93-a0f0-4d95c494390e","item_id":"16879","amount":1,"status":"already reserved"}
stock-service-1        | [2026-03-19 10:56:51 +0000] [8] [INFO] {"ts":"2026-03-19T10:56:51.581323+00:00","event":"saga_worker_command_processed","service":"stock-service","component":"saga-worker","stream":"saga:cmd:stock:p2","message_id":"1773917811946-2","correlation_id":"5103a9b9-7eca-4713-9dda-da2f9c2e073d","tx_id":"4c8b3be7-ed6a-4e93-a0f0-4d95c494390e","action":"reserve","partition":2,"ok":true,"retryable":false,"detail":"already reserved","duration_ms":14.068}
stock-service-1        | [2026-03-19 10:56:51 +0000] [8] [INFO] {"ts":"2026-03-19T10:56:51.696293+00:00","event":"saga_reserve_complete","service":"stock-service","component":"participant","tx_id":"4c8b3be7-ed6a-4e93-a0f0-4d95c494390e","item_id":"18385","amount":1,"status":"reserved"}
stock-service-1        | [2026-03-19 10:56:51 +0000] [8] [INFO] {"ts":"2026-03-19T10:56:51.705052+00:00","event":"saga_worker_command_processed","service":"stock-service","component":"saga-worker","stream":"saga:cmd:stock:p2","message_id":"1773917811946-4","correlation_id":"d376d605-980f-4cac-80ae-73c35c65b5ed","tx_id":"4c8b3be7-ed6a-4e93-a0f0-4d95c494390e","action":"reserve","partition":2,"ok":true,"retryable":false,"detail":"reserved","duration_ms":14.392}
stock-service-1        | [2026-03-19 10:56:51 +0000] [8] [INFO] {"ts":"2026-03-19T10:56:51.967788+00:00","event":"saga_reserve_complete","service":"stock-service","component":"participant","tx_id":"2d562535-afd6-4958-954b-8e370460d0d6","item_id":"88026","amount":1,"status":"already reserved"}
stock-service-1        | [2026-03-19 10:56:52 +0000] [8] [INFO] {"ts":"2026-03-19T10:56:52.013855+00:00","event":"saga_worker_command_processed","service":"stock-service","component":"saga-worker","stream":"saga:cmd:stock:p0","message_id":"1773917811952-0","correlation_id":"ca9c212b-9197-473a-892f-9debb8316b28","tx_id":"2d562535-afd6-4958-954b-8e370460d0d6","action":"reserve","partition":0,"ok":true,"retryable":false,"detail":"already reserved","duration_ms":2.484}
stock-service-1        | [2026-03-19 10:56:52 +0000] [8] [INFO] {"ts":"2026-03-19T10:56:52.096563+00:00","event":"saga_reserve_complete","service":"stock-service","component":"participant","tx_id":"2d562535-afd6-4958-954b-8e370460d0d6","item_id":"1960","amount":1,"status":"reserved"}
stock-service-1        | [2026-03-19 10:56:52 +0000] [8] [INFO] {"ts":"2026-03-19T10:56:52.113128+00:00","event":"saga_worker_command_processed","service":"stock-service","component":"saga-worker","stream":"saga:cmd:stock:p0","message_id":"1773917812082-0","correlation_id":"9dadafa1-e2bd-4236-9bd0-bc3b7f6ddd4f","tx_id":"2d562535-afd6-4958-954b-8e370460d0d6","action":"reserve","partition":0,"ok":true,"retryable":false,"detail":"reserved","duration_ms":2.085}
stock-service-1        | [2026-03-19 10:56:52 +0000] [8] [INFO] {"ts":"2026-03-19T10:56:52.333936+00:00","event":"saga_reserve_complete","service":"stock-service","component":"participant","tx_id":"b1d5fe2e-ee4b-4485-95ce-2366356958d3","item_id":"44529","amount":1,"status":"reserved"}
stock-service-1        | [2026-03-19 10:56:52 +0000] [8] [INFO] {"ts":"2026-03-19T10:56:52.344908+00:00","event":"saga_worker_command_processed","service":"stock-service","component":"saga-worker","stream":"saga:cmd:stock:p1","message_id":"1773917812326-0","correlation_id":"401e01bf-8ef3-482c-a531-a628306ee63f","tx_id":"b1d5fe2e-ee4b-4485-95ce-2366356958d3","action":"reserve","partition":1,"ok":true,"retryable":false,"detail":"reserved","duration_ms":1.689}
stock-service-1        | [2026-03-19 10:56:52 +0000] [8] [INFO] {"ts":"2026-03-19T10:56:52.458024+00:00","event":"saga_reserve_complete","service":"stock-service","component":"participant","tx_id":"7dac2f7c-cdd0-4f79-be41-4269be56ef41","item_id":"40121","amount":1,"status":"already reserved"}
stock-service-1        | [2026-03-19 10:56:52 +0000] [8] [INFO] {"ts":"2026-03-19T10:56:52.489597+00:00","event":"saga_worker_command_processed","service":"stock-service","component":"saga-worker","stream":"saga:cmd:stock:p0","message_id":"1773917812446-0","correlation_id":"e20d10b2-0543-4a63-9c59-06694db57815","tx_id":"7dac2f7c-cdd0-4f79-be41-4269be56ef41","action":"reserve","partition":0,"ok":true,"retryable":false,"detail":"already reserved","duration_ms":2.3}
stock-service-1        | [2026-03-19 10:56:56 +0000] [8] [INFO] {"ts":"2026-03-19T10:56:56.806946+00:00","event":"recovery_scan","service":"stock-service","component":"recovery","pending_count":1}
stock-service-1        | [2026-03-19 10:57:00 +0000] [8] [WARNING] {"ts":"2026-03-19T10:57:00.814093+00:00","event":"recovery_leader_lost","service":"stock-service","component":"recovery","lease_key":"stock:recovery:lease","owner_id":"7f325eb0808e-8"}
stock-service-1        | [2026-03-19 10:57:03 +0000] [8] [INFO] {"ts":"2026-03-19T10:57:03.824377+00:00","event":"recovery_leader_acquired","service":"stock-service","component":"recovery","lease_key":"stock:recovery:lease","owner_id":"7f325eb0808e-8"}
stock-db-replica-1     | 1:S 19 Mar 2026 10:41:15.024 * MASTER <-> REPLICA sync started
payment-service-1      | [2026-03-19 10:56:40 +0000] [9] [INFO] {"ts":"2026-03-19T10:56:40.495361+00:00","event":"create_user","service":"payment-service","component":"participant","user_id":"e376f8a1-85b9-49d0-9dfe-55ee604a1a72"}
payment-service-1      | [2026-03-19 10:56:40 +0000] [9] [INFO] {"ts":"2026-03-19T10:56:40.607865+00:00","event":"saga_worker_command_processed","service":"payment-service","component":"saga-worker","stream":"saga:cmd:payment:p0","message_id":"1773917800585-0","correlation_id":"ccb43557-f48d-4fd3-91e2-e70b1e3bc36a","tx_id":"44f4ed7f-8b67-40bb-9791-402bd6de3da8","action":"debit","partition":0,"ok":true,"retryable":false,"detail":null,"duration_ms":17.023}
stock-service-2        | [2026-03-19 10:56:46 +0000] [9] [INFO] {"ts":"2026-03-19T10:56:46.564183+00:00","event":"prepare_begin","service":"stock-service","component":"participant","tx_id":"a772e66c-79ed-4f1f-865c-d8e5d56c1f4a","item_id":"c61d14db-dd5b-4691-8616-9d14327bdf19","amount":1}
stock-service-2        | [2026-03-19 10:56:46 +0000] [9] [WARNING] {"ts":"2026-03-19T10:56:46.566463+00:00","event":"prepare_failed","service":"stock-service","component":"participant","tx_id":"a772e66c-79ed-4f1f-865c-d8e5d56c1f4a","item_id":"c61d14db-dd5b-4691-8616-9d14327bdf19","amount":1,"detail":"Txn a772e66c-79ed-4f1f-865c-d8e5d56c1f4a: insufficient stock for item c61d14db-dd5b-4691-8616-9d14327bdf19","duration_ms":2.269}
stock-service-2        | [2026-03-19 10:56:46 +0000] [9] [INFO] {"ts":"2026-03-19T10:56:46.596043+00:00","event":"saga_reserve_complete","service":"stock-service","component":"participant","tx_id":"3aa3a66a-af1b-4048-9f04-e73a0a30434b","item_id":"75724","amount":1,"status":"already reserved"}
stock-service-2        | [2026-03-19 10:56:46 +0000] [9] [INFO] {"ts":"2026-03-19T10:56:46.601273+00:00","event":"saga_worker_command_processed","service":"stock-service","component":"saga-worker","stream":"saga:cmd:stock:p0","message_id":"1773917806593-0","correlation_id":"90fdb054-2883-4c55-b494-c8b97da78297","tx_id":"3aa3a66a-af1b-4048-9f04-e73a0a30434b","action":"reserve","partition":0,"ok":true,"retryable":false,"detail":"already reserved","duration_ms":1.999}
stock-service-2        | [2026-03-19 10:56:46 +0000] [9] [INFO] {"ts":"2026-03-19T10:56:46.713409+00:00","event":"saga_reserve_complete","service":"stock-service","component":"participant","tx_id":"22006db3-e8fd-4649-8c28-d35e0fbada0b","item_id":"92585","amount":1,"status":"already reserved"}
stock-service-2        | [2026-03-19 10:56:46 +0000] [9] [INFO] {"ts":"2026-03-19T10:56:46.715706+00:00","event":"saga_worker_command_processed","service":"stock-service","component":"saga-worker","stream":"saga:cmd:stock:p0","message_id":"1773917806710-0","correlation_id":"eb7278e1-73ad-4583-b90a-175373659dca","tx_id":"22006db3-e8fd-4649-8c28-d35e0fbada0b","action":"reserve","partition":0,"ok":true,"retryable":false,"detail":"already reserved","duration_ms":1.659}
stock-service-2        | [2026-03-19 10:56:46 +0000] [9] [INFO] {"ts":"2026-03-19T10:56:46.825095+00:00","event":"saga_reserve_complete","service":"stock-service","component":"participant","tx_id":"eb77e749-37b6-4e7d-96e6-e18644f07bcd","item_id":"63063","amount":1,"status":"already reserved"}
stock-service-2        | [2026-03-19 10:56:46 +0000] [9] [INFO] {"ts":"2026-03-19T10:56:46.828750+00:00","event":"saga_worker_command_processed","service":"stock-service","component":"saga-worker","stream":"saga:cmd:stock:p3","message_id":"1773917806822-0","correlation_id":"f89a53b4-702c-4477-8843-06bc6a59c8f6","tx_id":"eb77e749-37b6-4e7d-96e6-e18644f07bcd","action":"reserve","partition":3,"ok":true,"retryable":false,"detail":"already reserved","duration_ms":1.864}
stock-service-2        | [2026-03-19 10:56:46 +0000] [9] [INFO] {"ts":"2026-03-19T10:56:46.957835+00:00","event":"saga_reserve_complete","service":"stock-service","component":"participant","tx_id":"c0d334c9-c53f-437b-acbb-cb536d6de55b","item_id":"215","amount":1,"status":"already reserved"}
stock-service-2        | [2026-03-19 10:56:46 +0000] [9] [INFO] {"ts":"2026-03-19T10:56:46.962845+00:00","event":"saga_worker_command_processed","service":"stock-service","component":"saga-worker","stream":"saga:cmd:stock:p1","message_id":"1773917806952-0","correlation_id":"49d023db-ee2c-4428-a5eb-e962fce50823","tx_id":"c0d334c9-c53f-437b-acbb-cb536d6de55b","action":"reserve","partition":1,"ok":true,"retryable":false,"detail":"already reserved","duration_ms":2.862}
stock-service-2        | [2026-03-19 10:56:47 +0000] [9] [INFO] {"ts":"2026-03-19T10:56:47.039597+00:00","event":"prepare_begin","service":"stock-service","component":"participant","tx_id":"a772e66c-79ed-4f1f-865c-d8e5d56c1f4a","item_id":"c61d14db-dd5b-4691-8616-9d14327bdf19","amount":1}
stock-service-2        | [2026-03-19 10:56:47 +0000] [9] [WARNING] {"ts":"2026-03-19T10:56:47.042229+00:00","event":"prepare_failed","service":"stock-service","component":"participant","tx_id":"a772e66c-79ed-4f1f-865c-d8e5d56c1f4a","item_id":"c61d14db-dd5b-4691-8616-9d14327bdf19","amount":1,"detail":"Txn a772e66c-79ed-4f1f-865c-d8e5d56c1f4a: insufficient stock for item c61d14db-dd5b-4691-8616-9d14327bdf19","duration_ms":2.618}
stock-service-2        | [2026-03-19 10:56:47 +0000] [9] [INFO] {"ts":"2026-03-19T10:56:47.075750+00:00","event":"saga_reserve_complete","service":"stock-service","component":"participant","tx_id":"0330ac78-eb1e-4635-9461-09ab3515c096","item_id":"92862","amount":1,"status":"already reserved"}
stock-service-2        | [2026-03-19 10:56:47 +0000] [9] [INFO] {"ts":"2026-03-19T10:56:47.080228+00:00","event":"saga_worker_command_processed","service":"stock-service","component":"saga-worker","stream":"saga:cmd:stock:p0","message_id":"1773917807071-0","correlation_id":"a74813a2-de5c-48e7-ad35-7324cb5026e4","tx_id":"0330ac78-eb1e-4635-9461-09ab3515c096","action":"reserve","partition":0,"ok":true,"retryable":false,"detail":"already reserved","duration_ms":2.835}
stock-service-2        | [2026-03-19 10:56:47 +0000] [9] [INFO] {"ts":"2026-03-19T10:56:47.168609+00:00","event":"saga_reserve_complete","service":"stock-service","component":"participant","tx_id":"a0354058-e0bf-4e83-9a35-b64acf7c4f0b","item_id":"11781","amount":1,"status":"already reserved"}
stock-service-2        | [2026-03-19 10:56:47 +0000] [9] [INFO] {"ts":"2026-03-19T10:56:47.172140+00:00","event":"saga_worker_command_processed","service":"stock-service","component":"saga-worker","stream":"saga:cmd:stock:p0","message_id":"1773917807166-0","correlation_id":"3b263f23-f170-45bc-8a9a-b8e12dfe1dad","tx_id":"a0354058-e0bf-4e83-9a35-b64acf7c4f0b","action":"reserve","partition":0,"ok":true,"retryable":false,"detail":"already reserved","duration_ms":2.627}
stock-service-2        | [2026-03-19 10:56:47 +0000] [9] [INFO] {"ts":"2026-03-19T10:56:47.285949+00:00","event":"saga_reserve_complete","service":"stock-service","component":"participant","tx_id":"b02f17c9-7997-476d-a191-38019cfb2e53","item_id":"35345","amount":1,"status":"already reserved"}
stock-service-2        | [2026-03-19 10:56:47 +0000] [9] [INFO] {"ts":"2026-03-19T10:56:47.292708+00:00","event":"saga_worker_command_processed","service":"stock-service","component":"saga-worker","stream":"saga:cmd:stock:p3","message_id":"1773917807281-0","correlation_id":"c091632c-2c10-46e8-bc8f-5107c21996c3","tx_id":"b02f17c9-7997-476d-a191-38019cfb2e53","action":"reserve","partition":3,"ok":true,"retryable":false,"detail":"already reserved","duration_ms":2.299}
stock-service-1        | [2026-03-19 10:57:05 +0000] [8] [INFO] {"ts":"2026-03-19T10:57:05.035265+00:00","event":"saga_reserve_complete","service":"stock-service","component":"participant","tx_id":"5e52ace8-aaec-49b7-afdf-1bfc14a703bf","item_id":"10495","amount":1,"status":"already reserved"}
stock-service-1        | [2026-03-19 10:57:05 +0000] [8] [INFO] {"ts":"2026-03-19T10:57:05.039313+00:00","event":"saga_worker_command_processed","service":"stock-service","component":"saga-worker","stream":"saga:cmd:stock:p3","message_id":"1773917825031-0","correlation_id":"bc23d142-f86c-4c8b-90a0-bb422424ecc3","tx_id":"5e52ace8-aaec-49b7-afdf-1bfc14a703bf","action":"reserve","partition":3,"ok":true,"retryable":false,"detail":"already reserved","duration_ms":3.248}
stock-service-1        | [2026-03-19 10:57:05 +0000] [8] [INFO] {"ts":"2026-03-19T10:57:05.135327+00:00","event":"saga_reserve_complete","service":"stock-service","component":"participant","tx_id":"ee1cd0fb-516f-42bf-82e7-2a30e43409e8","item_id":"42032","amount":1,"status":"already reserved"}
stock-service-1        | [2026-03-19 10:57:05 +0000] [8] [INFO] {"ts":"2026-03-19T10:57:05.139315+00:00","event":"saga_worker_command_processed","service":"stock-service","component":"saga-worker","stream":"saga:cmd:stock:p1","message_id":"1773917825133-0","correlation_id":"91b8d9b6-5551-4575-92de-4c84d5a38fab","tx_id":"ee1cd0fb-516f-42bf-82e7-2a30e43409e8","action":"reserve","partition":1,"ok":true,"retryable":false,"detail":"already reserved","duration_ms":1.271}
stock-service-1        | [2026-03-19 10:57:05 +0000] [8] [INFO] {"ts":"2026-03-19T10:57:05.249875+00:00","event":"saga_reserve_complete","service":"stock-service","component":"participant","tx_id":"d7e9dd30-476f-482b-858e-6f0f9675ae59","item_id":"29810","amount":1,"status":"reserved"}
stock-service-1        | [2026-03-19 10:57:05 +0000] [8] [INFO] {"ts":"2026-03-19T10:57:05.253554+00:00","event":"saga_worker_command_processed","service":"stock-service","component":"saga-worker","stream":"saga:cmd:stock:p0","message_id":"1773917825246-0","correlation_id":"c9593737-e91b-4cc9-96d5-fca14a20b9f7","tx_id":"d7e9dd30-476f-482b-858e-6f0f9675ae59","action":"reserve","partition":0,"ok":true,"retryable":false,"detail":"reserved","duration_ms":2.532}
stock-service-1        | [2026-03-19 10:57:05 +0000] [8] [INFO] {"ts":"2026-03-19T10:57:05.364374+00:00","event":"saga_reserve_complete","service":"stock-service","component":"participant","tx_id":"7fcc19fb-eb6e-4907-8629-3ebf8f1e2b80","item_id":"99497","amount":1,"status":"reserved"}
stock-service-1        | [2026-03-19 10:57:05 +0000] [8] [INFO] {"ts":"2026-03-19T10:57:05.367072+00:00","event":"saga_worker_command_processed","service":"stock-service","component":"saga-worker","stream":"saga:cmd:stock:p0","message_id":"1773917825362-0","correlation_id":"44a44193-e8f3-40a0-8447-413c939d1cbd","tx_id":"7fcc19fb-eb6e-4907-8629-3ebf8f1e2b80","action":"reserve","partition":0,"ok":true,"retryable":false,"detail":"reserved","duration_ms":1.75}
stock-service-1        | [2026-03-19 10:57:05 +0000] [8] [INFO] {"ts":"2026-03-19T10:57:05.542070+00:00","event":"saga_release_complete","service":"stock-service","component":"participant","tx_id":"cbf268c7-5b44-45f8-843e-2fb79d897b68","item_id":"91337","amount":1,"status":"released"}
stock-service-1        | [2026-03-19 10:57:05 +0000] [8] [INFO] {"ts":"2026-03-19T10:57:05.554940+00:00","event":"saga_worker_command_processed","service":"stock-service","component":"saga-worker","stream":"saga:cmd:stock:p1","message_id":"1773917825538-0","correlation_id":"9cad3ff8-8bb6-4749-b7b4-960be362fdd4","tx_id":"cbf268c7-5b44-45f8-843e-2fb79d897b68","action":"release","partition":1,"ok":true,"retryable":false,"detail":"released","duration_ms":2.23}
stock-service-1        | [2026-03-19 10:57:05 +0000] [8] [INFO] {"ts":"2026-03-19T10:57:05.650115+00:00","event":"saga_reserve_complete","service":"stock-service","component":"participant","tx_id":"5246edea-ce67-49ea-aae1-9d30f7abf744","item_id":"18049","amount":1,"status":"already reserved"}
stock-service-1        | [2026-03-19 10:57:05 +0000] [8] [INFO] {"ts":"2026-03-19T10:57:05.652726+00:00","event":"saga_worker_command_processed","service":"stock-service","component":"saga-worker","stream":"saga:cmd:stock:p1","message_id":"1773917825647-0","correlation_id":"7ef2cfeb-8301-459a-b7e9-8702e2c4b897","tx_id":"5246edea-ce67-49ea-aae1-9d30f7abf744","action":"reserve","partition":1,"ok":true,"retryable":false,"detail":"already reserved","duration_ms":1.793}
stock-service-1        | [2026-03-19 10:57:05 +0000] [8] [INFO] {"ts":"2026-03-19T10:57:05.785750+00:00","event":"saga_reserve_complete","service":"stock-service","component":"participant","tx_id":"611377fd-a3c0-4b94-9efc-9ceb46a28e7e","item_id":"61664","amount":1,"status":"reserved"}
stock-service-1        | [2026-03-19 10:57:05 +0000] [8] [INFO] {"ts":"2026-03-19T10:57:05.796242+00:00","event":"saga_worker_command_processed","service":"stock-service","component":"saga-worker","stream":"saga:cmd:stock:p1","message_id":"1773917825782-0","correlation_id":"6137213d-96c9-4702-8cb1-2ba6a4f0f4d8","tx_id":"611377fd-a3c0-4b94-9efc-9ceb46a28e7e","action":"reserve","partition":1,"ok":true,"retryable":false,"detail":"reserved","duration_ms":1.97}
order-service-2        | [2026-03-19 10:57:23 +0000] [8] [CRITICAL] WORKER TIMEOUT (pid:133)
stock-service-1        | [2026-03-19 10:57:05 +0000] [8] [INFO] {"ts":"2026-03-19T10:57:05.990912+00:00","event":"saga_reserve_complete","service":"stock-service","component":"participant","tx_id":"33cf44ba-3055-4b22-bc3f-e661334ec37b","item_id":"9195","amount":1,"status":"already reserved"}
order-service-2        | [2026-03-19 10:57:23 +0000] [8] [CRITICAL] WORKER TIMEOUT (pid:134)
stock-service-2        | [2026-03-19 10:56:47 +0000] [9] [WARNING] {"ts":"2026-03-19T10:56:47.335702+00:00","event":"recovery_leader_lost","service":"stock-service","component":"recovery","lease_key":"stock:recovery:lease","owner_id":"b30748c8ca5f-9"}
order-service-2        | [2026-03-19 10:57:24 +0000] [8] [ERROR] Worker (pid:134) was sent SIGKILL! Perhaps out of memory?
stock-service-2        | [2026-03-19 10:56:47 +0000] [9] [INFO] {"ts":"2026-03-19T10:56:47.383817+00:00","event":"saga_reserve_complete","service":"stock-service","component":"participant","tx_id":"5e06d10f-765a-45ae-8ebe-cbe63716f8b9","item_id":"88480","amount":1,"status":"already reserved"}
payment-service-1      | [2026-03-19 10:56:40 +0000] [9] [INFO] {"ts":"2026-03-19T10:56:40.620079+00:00","event":"create_user","service":"payment-service","component":"participant","user_id":"904c076e-8a43-4ac4-9340-38a12c8f8c52"}
order-service-2        | [2026-03-19 10:57:24 +0000] [8] [ERROR] Worker (pid:133) was sent SIGKILL! Perhaps out of memory?
payment-service-1      | [2026-03-19 10:56:40 +0000] [9] [INFO] {"ts":"2026-03-19T10:56:40.730192+00:00","event":"prepare_begin","service":"payment-service","component":"participant","tx_id":"9d7fe876-d9aa-4c26-b029-f009b71b1e93","user_id":"904c076e-8a43-4ac4-9340-38a12c8f8c52","amount":80}
order-service-2        | [2026-03-19 10:57:24 +0000] [137] [INFO] Booting worker with pid: 137
payment-service-1      | [2026-03-19 10:56:40 +0000] [9] [INFO] {"ts":"2026-03-19T10:56:40.736592+00:00","event":"prepare_complete","service":"payment-service","component":"participant","tx_id":"9d7fe876-d9aa-4c26-b029-f009b71b1e93","user_id":"904c076e-8a43-4ac4-9340-38a12c8f8c52","amount":80,"status":"prepared","duration_ms":6.395}
stock-db-replica-1     | 1:S 19 Mar 2026 10:41:15.024 # Error condition on socket for SYNC: Connection refused
payment-service-1      | [2026-03-19 10:56:40 +0000] [9] [INFO] {"ts":"2026-03-19T10:56:40.775051+00:00","event":"create_user","service":"payment-service","component":"participant","user_id":"cffd5263-1e88-441e-aeb7-29af9dc62993"}
stock-service-1        | [2026-03-19 10:57:05 +0000] [8] [INFO] {"ts":"2026-03-19T10:57:05.997757+00:00","event":"saga_worker_command_processed","service":"stock-service","component":"saga-worker","stream":"saga:cmd:stock:p3","message_id":"1773917825988-0","correlation_id":"32aa6338-349e-4cd1-aa3e-7ed79c52942e","tx_id":"33cf44ba-3055-4b22-bc3f-e661334ec37b","action":"reserve","partition":3,"ok":true,"retryable":false,"detail":"already reserved","duration_ms":1.786}
payment-service-1      | [2026-03-19 10:56:40 +0000] [9] [INFO] {"ts":"2026-03-19T10:56:40.902318+00:00","event":"create_user","service":"payment-service","component":"participant","user_id":"9f81ca0f-9757-4b8a-bec4-c69632414648"}
stock-service-1        | [2026-03-19 10:57:06 +0000] [8] [INFO] {"ts":"2026-03-19T10:57:06.112558+00:00","event":"saga_reserve_complete","service":"stock-service","component":"participant","tx_id":"33cf44ba-3055-4b22-bc3f-e661334ec37b","item_id":"39144","amount":1,"status":"reserved"}
payment-service-1      | [2026-03-19 10:56:41 +0000] [9] [INFO] {"ts":"2026-03-19T10:56:41.030039+00:00","event":"create_user","service":"payment-service","component":"participant","user_id":"8dc01dd6-6038-4d83-a9fb-7e4d94eebd86"}
stock-service-2        | [2026-03-19 10:56:47 +0000] [9] [INFO] {"ts":"2026-03-19T10:56:47.387494+00:00","event":"saga_worker_command_processed","service":"stock-service","component":"saga-worker","stream":"saga:cmd:stock:p0","message_id":"1773917807381-0","correlation_id":"babed2c2-8045-4249-886f-05a0f47ba606","tx_id":"5e06d10f-765a-45ae-8ebe-cbe63716f8b9","action":"reserve","partition":0,"ok":true,"retryable":false,"detail":"already reserved","duration_ms":1.125}
stock-service-1        | [2026-03-19 10:57:06 +0000] [8] [INFO] {"ts":"2026-03-19T10:57:06.124651+00:00","event":"saga_worker_command_processed","service":"stock-service","component":"saga-worker","stream":"saga:cmd:stock:p3","message_id":"1773917826109-0","correlation_id":"4ee29bd9-7449-4d96-a6f8-3d62fe5f50b6","tx_id":"33cf44ba-3055-4b22-bc3f-e661334ec37b","action":"reserve","partition":3,"ok":true,"retryable":false,"detail":"reserved","duration_ms":1.41}
stock-service-2        | [2026-03-19 10:56:47 +0000] [9] [INFO] {"ts":"2026-03-19T10:56:47.490871+00:00","event":"saga_reserve_complete","service":"stock-service","component":"participant","tx_id":"8cf8e465-8e56-4413-b84a-ef693961523f","item_id":"77683","amount":1,"status":"already reserved"}
stock-service-2        | [2026-03-19 10:56:47 +0000] [9] [INFO] {"ts":"2026-03-19T10:56:47.494565+00:00","event":"saga_worker_command_processed","service":"stock-service","component":"saga-worker","stream":"saga:cmd:stock:p1","message_id":"1773917807488-0","correlation_id":"be117dee-5db7-4620-b874-6efa99732265","tx_id":"8cf8e465-8e56-4413-b84a-ef693961523f","action":"reserve","partition":1,"ok":true,"retryable":false,"detail":"already reserved","duration_ms":1.223}
stock-service-2        | [2026-03-19 10:56:47 +0000] [9] [INFO] {"ts":"2026-03-19T10:56:47.524549+00:00","event":"prepare_begin","service":"stock-service","component":"participant","tx_id":"a772e66c-79ed-4f1f-865c-d8e5d56c1f4a","item_id":"c61d14db-dd5b-4691-8616-9d14327bdf19","amount":1}
stock-service-2        | [2026-03-19 10:56:47 +0000] [9] [WARNING] {"ts":"2026-03-19T10:56:47.526076+00:00","event":"prepare_failed","service":"stock-service","component":"participant","tx_id":"a772e66c-79ed-4f1f-865c-d8e5d56c1f4a","item_id":"c61d14db-dd5b-4691-8616-9d14327bdf19","amount":1,"detail":"Txn a772e66c-79ed-4f1f-865c-d8e5d56c1f4a: insufficient stock for item c61d14db-dd5b-4691-8616-9d14327bdf19","duration_ms":1.506}
stock-service-2        | [2026-03-19 10:56:47 +0000] [9] [INFO] {"ts":"2026-03-19T10:56:47.593830+00:00","event":"saga_reserve_complete","service":"stock-service","component":"participant","tx_id":"cf41813f-a838-4991-ab8c-947db3b65fa1","item_id":"33772","amount":1,"status":"already reserved"}
stock-service-2        | [2026-03-19 10:56:47 +0000] [9] [INFO] {"ts":"2026-03-19T10:56:47.596569+00:00","event":"saga_worker_command_processed","service":"stock-service","component":"saga-worker","stream":"saga:cmd:stock:p1","message_id":"1773917807591-0","correlation_id":"276dd3b5-7950-46fd-963f-ee62ba32adcf","tx_id":"cf41813f-a838-4991-ab8c-947db3b65fa1","action":"reserve","partition":1,"ok":true,"retryable":false,"detail":"already reserved","duration_ms":1.406}
stock-service-2        | [2026-03-19 10:56:47 +0000] [9] [INFO] {"ts":"2026-03-19T10:56:47.699847+00:00","event":"saga_reserve_complete","service":"stock-service","component":"participant","tx_id":"54c48f9e-ac53-46b1-af9a-eb336c859ac4","item_id":"13047","amount":1,"status":"reserved"}
stock-service-2        | [2026-03-19 10:56:47 +0000] [9] [INFO] {"ts":"2026-03-19T10:56:47.703169+00:00","event":"saga_worker_command_processed","service":"stock-service","component":"saga-worker","stream":"saga:cmd:stock:p2","message_id":"1773917807697-0","correlation_id":"15f5d0c7-e179-4700-80c7-76994ace432c","tx_id":"54c48f9e-ac53-46b1-af9a-eb336c859ac4","action":"reserve","partition":2,"ok":true,"retryable":false,"detail":"reserved","duration_ms":1.412}
stock-service-2        | [2026-03-19 10:56:47 +0000] [9] [INFO] {"ts":"2026-03-19T10:56:47.802840+00:00","event":"saga_reserve_complete","service":"stock-service","component":"participant","tx_id":"31bbb5d2-a07f-4041-9a0c-6cc9e2ccaf20","item_id":"46688","amount":1,"status":"reserved"}
stock-service-2        | [2026-03-19 10:56:47 +0000] [9] [INFO] {"ts":"2026-03-19T10:56:47.806202+00:00","event":"saga_worker_command_processed","service":"stock-service","component":"saga-worker","stream":"saga:cmd:stock:p1","message_id":"1773917807800-0","correlation_id":"c88ec29f-875e-40a0-b379-3cfceb7782f3","tx_id":"31bbb5d2-a07f-4041-9a0c-6cc9e2ccaf20","action":"reserve","partition":1,"ok":true,"retryable":false,"detail":"reserved","duration_ms":1.42}
stock-service-2        | [2026-03-19 10:56:47 +0000] [9] [INFO] {"ts":"2026-03-19T10:56:47.906094+00:00","event":"saga_reserve_complete","service":"stock-service","component":"participant","tx_id":"b8405c0e-b9b2-4b93-9e43-632b84d592b3","item_id":"81795","amount":1,"status":"reserved"}
stock-service-2        | [2026-03-19 10:56:47 +0000] [9] [INFO] {"ts":"2026-03-19T10:56:47.910107+00:00","event":"saga_worker_command_processed","service":"stock-service","component":"saga-worker","stream":"saga:cmd:stock:p1","message_id":"1773917807904-0","correlation_id":"5c6e1ae3-9d4f-43c8-b3ac-09716e667dbc","tx_id":"b8405c0e-b9b2-4b93-9e43-632b84d592b3","action":"reserve","partition":1,"ok":true,"retryable":false,"detail":"reserved","duration_ms":1.443}
stock-service-2        | [2026-03-19 10:56:48 +0000] [9] [INFO] {"ts":"2026-03-19T10:56:48.021708+00:00","event":"prepare_begin","service":"stock-service","component":"participant","tx_id":"a772e66c-79ed-4f1f-865c-d8e5d56c1f4a","item_id":"c61d14db-dd5b-4691-8616-9d14327bdf19","amount":1}
stock-service-2        | [2026-03-19 10:56:48 +0000] [9] [INFO] {"ts":"2026-03-19T10:56:48.023213+00:00","event":"saga_reserve_complete","service":"stock-service","component":"participant","tx_id":"577c0538-510a-4187-afe8-295c09a82bb7","item_id":"13941","amount":1,"status":"already reserved"}
stock-service-2        | [2026-03-19 10:56:48 +0000] [9] [WARNING] {"ts":"2026-03-19T10:56:48.025427+00:00","event":"prepare_failed","service":"stock-service","component":"participant","tx_id":"a772e66c-79ed-4f1f-865c-d8e5d56c1f4a","item_id":"c61d14db-dd5b-4691-8616-9d14327bdf19","amount":1,"detail":"Txn a772e66c-79ed-4f1f-865c-d8e5d56c1f4a: insufficient stock for item c61d14db-dd5b-4691-8616-9d14327bdf19","duration_ms":3.707}
stock-service-2        | [2026-03-19 10:56:48 +0000] [9] [INFO] {"ts":"2026-03-19T10:56:48.030181+00:00","event":"saga_worker_command_processed","service":"stock-service","component":"saga-worker","stream":"saga:cmd:stock:p3","message_id":"1773917808016-0","correlation_id":"22316c8a-5e07-48cc-88d6-b3535f4bc9e1","tx_id":"577c0538-510a-4187-afe8-295c09a82bb7","action":"reserve","partition":3,"ok":true,"retryable":false,"detail":"already reserved","duration_ms":3.808}
stock-service-2        | [2026-03-19 10:56:48 +0000] [9] [INFO] {"ts":"2026-03-19T10:56:48.153916+00:00","event":"saga_reserve_complete","service":"stock-service","component":"participant","tx_id":"df349103-9c44-4b32-a41a-0341970a250a","item_id":"81475","amount":1,"status":"already reserved"}
stock-service-2        | [2026-03-19 10:56:48 +0000] [9] [INFO] {"ts":"2026-03-19T10:56:48.158933+00:00","event":"saga_worker_command_processed","service":"stock-service","component":"saga-worker","stream":"saga:cmd:stock:p3","message_id":"1773917808151-0","correlation_id":"ffa055f8-0dba-49a0-b968-1cdf1c707ded","tx_id":"df349103-9c44-4b32-a41a-0341970a250a","action":"reserve","partition":3,"ok":true,"retryable":false,"detail":"already reserved","duration_ms":1.646}
stock-service-2        | [2026-03-19 10:56:48 +0000] [9] [INFO] {"ts":"2026-03-19T10:56:48.252377+00:00","event":"saga_reserve_complete","service":"stock-service","component":"participant","tx_id":"72c6fcc9-0e3e-4bed-a44a-a73b0e96b26b","item_id":"62621","amount":1,"status":"already reserved"}
stock-service-2        | [2026-03-19 10:56:48 +0000] [9] [INFO] {"ts":"2026-03-19T10:56:48.263141+00:00","event":"saga_worker_command_processed","service":"stock-service","component":"saga-worker","stream":"saga:cmd:stock:p2","message_id":"1773917808249-0","correlation_id":"ccef991f-89bb-4996-ab2e-eb2d590f0bba","tx_id":"72c6fcc9-0e3e-4bed-a44a-a73b0e96b26b","action":"reserve","partition":2,"ok":true,"retryable":false,"detail":"already reserved","duration_ms":1.473}
stock-service-2        | [2026-03-19 10:56:48 +0000] [9] [INFO] {"ts":"2026-03-19T10:56:48.366393+00:00","event":"saga_reserve_complete","service":"stock-service","component":"participant","tx_id":"31b61f4d-38b9-4194-a961-e00e8d2aedb3","item_id":"74884","amount":1,"status":"reserved"}
stock-service-2        | [2026-03-19 10:56:48 +0000] [9] [INFO] {"ts":"2026-03-19T10:56:48.370205+00:00","event":"saga_worker_command_processed","service":"stock-service","component":"saga-worker","stream":"saga:cmd:stock:p2","message_id":"1773917808363-0","correlation_id":"5a013564-bb7f-4d23-8376-d0d18676762a","tx_id":"31b61f4d-38b9-4194-a961-e00e8d2aedb3","action":"reserve","partition":2,"ok":true,"retryable":false,"detail":"reserved","duration_ms":1.557}
stock-service-2        | [2026-03-19 10:56:48 +0000] [9] [INFO] {"ts":"2026-03-19T10:56:48.470368+00:00","event":"saga_reserve_complete","service":"stock-service","component":"participant","tx_id":"ff50df88-83d5-4de3-b604-6ffa587d524c","item_id":"69681","amount":1,"status":"already reserved"}
stock-service-2        | [2026-03-19 10:56:48 +0000] [9] [INFO] {"ts":"2026-03-19T10:56:48.473329+00:00","event":"saga_worker_command_processed","service":"stock-service","component":"saga-worker","stream":"saga:cmd:stock:p3","message_id":"1773917808468-0","correlation_id":"74fc872b-c6f3-47e4-9085-07a44987e9ec","tx_id":"ff50df88-83d5-4de3-b604-6ffa587d524c","action":"reserve","partition":3,"ok":true,"retryable":false,"detail":"already reserved","duration_ms":1.257}
stock-service-2        | [2026-03-19 10:56:48 +0000] [9] [INFO] {"ts":"2026-03-19T10:56:48.500097+00:00","event":"prepare_begin","service":"stock-service","component":"participant","tx_id":"a772e66c-79ed-4f1f-865c-d8e5d56c1f4a","item_id":"c61d14db-dd5b-4691-8616-9d14327bdf19","amount":1}
stock-service-2        | [2026-03-19 10:56:48 +0000] [9] [WARNING] {"ts":"2026-03-19T10:56:48.501949+00:00","event":"prepare_failed","service":"stock-service","component":"participant","tx_id":"a772e66c-79ed-4f1f-865c-d8e5d56c1f4a","item_id":"c61d14db-dd5b-4691-8616-9d14327bdf19","amount":1,"detail":"Txn a772e66c-79ed-4f1f-865c-d8e5d56c1f4a: insufficient stock for item c61d14db-dd5b-4691-8616-9d14327bdf19","duration_ms":1.741}
stock-service-2        | [2026-03-19 10:56:48 +0000] [9] [INFO] {"ts":"2026-03-19T10:56:48.582707+00:00","event":"saga_reserve_complete","service":"stock-service","component":"participant","tx_id":"f2196ee0-381f-44ec-b12e-961efc664abf","item_id":"50794","amount":1,"status":"already reserved"}
stock-service-2        | [2026-03-19 10:56:48 +0000] [9] [INFO] {"ts":"2026-03-19T10:56:48.588186+00:00","event":"saga_worker_command_processed","service":"stock-service","component":"saga-worker","stream":"saga:cmd:stock:p3","message_id":"1773917808580-0","correlation_id":"f94ca9bc-8951-404d-86e3-95a524812a31","tx_id":"f2196ee0-381f-44ec-b12e-961efc664abf","action":"reserve","partition":3,"ok":true,"retryable":false,"detail":"already reserved","duration_ms":1.928}
stock-service-2        | [2026-03-19 10:56:48 +0000] [9] [INFO] {"ts":"2026-03-19T10:56:48.696894+00:00","event":"saga_reserve_complete","service":"stock-service","component":"participant","tx_id":"f38a221c-d452-4f5c-9fc5-c97225583c77","item_id":"70951","amount":1,"status":"already reserved"}
stock-service-2        | [2026-03-19 10:56:48 +0000] [9] [INFO] {"ts":"2026-03-19T10:56:48.703566+00:00","event":"saga_worker_command_processed","service":"stock-service","component":"saga-worker","stream":"saga:cmd:stock:p3","message_id":"1773917808691-0","correlation_id":"20e6d301-bc43-49c0-95fe-3f4341dfaae9","tx_id":"f38a221c-d452-4f5c-9fc5-c97225583c77","action":"reserve","partition":3,"ok":true,"retryable":false,"detail":"already reserved","duration_ms":1.105}
stock-service-1        | [2026-03-19 10:57:06 +0000] [8] [INFO] {"ts":"2026-03-19T10:57:06.337418+00:00","event":"saga_reserve_complete","service":"stock-service","component":"participant","tx_id":"58c2a1fb-6105-4cab-a8a7-e47aafc97721","item_id":"2996","amount":1,"status":"already reserved"}
stock-service-2        | [2026-03-19 10:56:48 +0000] [9] [INFO] {"ts":"2026-03-19T10:56:48.808382+00:00","event":"saga_reserve_complete","service":"stock-service","component":"participant","tx_id":"f5996609-e710-4a5f-9d3b-efc85a616aeb","item_id":"14676","amount":1,"status":"already reserved"}
stock-service-2        | [2026-03-19 10:56:48 +0000] [9] [INFO] {"ts":"2026-03-19T10:56:48.811631+00:00","event":"saga_worker_command_processed","service":"stock-service","component":"saga-worker","stream":"saga:cmd:stock:p1","message_id":"1773917808804-0","correlation_id":"9eada434-322a-47bd-bf01-f20fa333c88f","tx_id":"f5996609-e710-4a5f-9d3b-efc85a616aeb","action":"reserve","partition":1,"ok":true,"retryable":false,"detail":"already reserved","duration_ms":2.434}
stock-service-2        | [2026-03-19 10:56:48 +0000] [9] [INFO] {"ts":"2026-03-19T10:56:48.909923+00:00","event":"saga_reserve_complete","service":"stock-service","component":"participant","tx_id":"ca10bd92-148c-42aa-9641-d03df15f727f","item_id":"51622","amount":1,"status":"already reserved"}
stock-service-1        | [2026-03-19 10:57:06 +0000] [8] [INFO] {"ts":"2026-03-19T10:57:06.344917+00:00","event":"saga_worker_command_processed","service":"stock-service","component":"saga-worker","stream":"saga:cmd:stock:p3","message_id":"1773917826333-0","correlation_id":"f4e343bc-73ac-47eb-8a40-ab691b888741","tx_id":"58c2a1fb-6105-4cab-a8a7-e47aafc97721","action":"reserve","partition":3,"ok":true,"retryable":false,"detail":"already reserved","duration_ms":3.614}
stock-service-1        | [2026-03-19 10:57:06 +0000] [8] [INFO] {"ts":"2026-03-19T10:57:06.431512+00:00","event":"saga_reserve_complete","service":"stock-service","component":"participant","tx_id":"9ad2ec5b-de20-4870-befc-ddc9b7418d55","item_id":"48186","amount":1,"status":"already reserved"}
stock-service-1        | [2026-03-19 10:57:06 +0000] [8] [INFO] {"ts":"2026-03-19T10:57:06.435962+00:00","event":"saga_worker_command_processed","service":"stock-service","component":"saga-worker","stream":"saga:cmd:stock:p3","message_id":"1773917826421-0","correlation_id":"3cf1db8e-fc96-4ad4-b35c-49ca8d23d631","tx_id":"9ad2ec5b-de20-4870-befc-ddc9b7418d55","action":"reserve","partition":3,"ok":true,"retryable":false,"detail":"already reserved","duration_ms":4.617}
stock-service-1        | [2026-03-19 10:57:06 +0000] [8] [INFO] {"ts":"2026-03-19T10:57:06.498094+00:00","event":"saga_reserve_complete","service":"stock-service","component":"participant","tx_id":"9ad2ec5b-de20-4870-befc-ddc9b7418d55","item_id":"69951","amount":1,"status":"reserved"}
stock-service-1        | [2026-03-19 10:57:06 +0000] [8] [INFO] {"ts":"2026-03-19T10:57:06.501778+00:00","event":"saga_worker_command_processed","service":"stock-service","component":"saga-worker","stream":"saga:cmd:stock:p3","message_id":"1773917826491-0","correlation_id":"2fd91304-7be6-47c4-a208-80d0a94a1109","tx_id":"9ad2ec5b-de20-4870-befc-ddc9b7418d55","action":"reserve","partition":3,"ok":true,"retryable":false,"detail":"reserved","duration_ms":2.08}
stock-service-1        | [2026-03-19 10:57:06 +0000] [8] [INFO] {"ts":"2026-03-19T10:57:06.719835+00:00","event":"saga_reserve_complete","service":"stock-service","component":"participant","tx_id":"70e11a66-8608-4593-a622-2a869ba3d9f2","item_id":"57466","amount":1,"status":"reserved"}
stock-service-1        | [2026-03-19 10:57:06 +0000] [8] [INFO] {"ts":"2026-03-19T10:57:06.724692+00:00","event":"saga_worker_command_processed","service":"stock-service","component":"saga-worker","stream":"saga:cmd:stock:p2","message_id":"1773917826716-0","correlation_id":"53c5b939-b5d6-41a5-a768-a94becaecfa2","tx_id":"70e11a66-8608-4593-a622-2a869ba3d9f2","action":"reserve","partition":2,"ok":true,"retryable":false,"detail":"reserved","duration_ms":2.907}
stock-service-1        | [2026-03-19 10:57:06 +0000] [8] [INFO] {"ts":"2026-03-19T10:57:06.812855+00:00","event":"saga_reserve_complete","service":"stock-service","component":"participant","tx_id":"dda1bd18-289d-4a15-b774-722532238711","item_id":"11459","amount":1,"status":"reserved"}
stock-service-1        | [2026-03-19 10:57:06 +0000] [8] [INFO] {"ts":"2026-03-19T10:57:06.815317+00:00","event":"saga_worker_command_processed","service":"stock-service","component":"saga-worker","stream":"saga:cmd:stock:p0","message_id":"1773917826805-0","correlation_id":"40d9115b-0f06-42d2-8c96-3d5c163e4880","tx_id":"dda1bd18-289d-4a15-b774-722532238711","action":"reserve","partition":0,"ok":true,"retryable":false,"detail":"reserved","duration_ms":3.63}
stock-service-1        | [2026-03-19 10:57:07 +0000] [8] [INFO] {"ts":"2026-03-19T10:57:07.096158+00:00","event":"saga_reserve_complete","service":"stock-service","component":"participant","tx_id":"503b529a-0f1a-4b74-8f3b-63ee251cc12d","item_id":"66011","amount":1,"status":"already reserved"}
stock-service-1        | [2026-03-19 10:57:07 +0000] [8] [INFO] {"ts":"2026-03-19T10:57:07.100328+00:00","event":"saga_worker_command_processed","service":"stock-service","component":"saga-worker","stream":"saga:cmd:stock:p1","message_id":"1773917827090-0","correlation_id":"1587bbaa-388f-472b-a161-c8e8f19d464c","tx_id":"503b529a-0f1a-4b74-8f3b-63ee251cc12d","action":"reserve","partition":1,"ok":true,"retryable":false,"detail":"already reserved","duration_ms":2.247}
stock-service-1        | [2026-03-19 10:57:07 +0000] [8] [INFO] {"ts":"2026-03-19T10:57:07.160976+00:00","event":"saga_reserve_complete","service":"stock-service","component":"participant","tx_id":"503b529a-0f1a-4b74-8f3b-63ee251cc12d","item_id":"2837","amount":1,"status":"reserved"}
stock-service-1        | [2026-03-19 10:57:07 +0000] [8] [INFO] {"ts":"2026-03-19T10:57:07.168930+00:00","event":"saga_worker_command_processed","service":"stock-service","component":"saga-worker","stream":"saga:cmd:stock:p1","message_id":"1773917827156-0","correlation_id":"dff09d03-ae1f-41fb-be48-57fd36790f9c","tx_id":"503b529a-0f1a-4b74-8f3b-63ee251cc12d","action":"reserve","partition":1,"ok":true,"retryable":false,"detail":"reserved","duration_ms":3.33}
