stock-service-1        | [2026-03-19 10:56:49 +0000] [8] [INFO] {"ts":"2026-03-19T10:56:49.418069+00:00","event":"saga_worker_command_processed","service":"stock-service","component":"saga-worker","stream":"saga:cmd:stock:p3","message_id":"1773917809411-0","correlation_id":"1aaef5be-b496-43c5-be5d-fb5c667ce1f4","tx_id":"c7816309-210b-4baf-af87-c45b4ff3efb6","action":"release","partition":3,"ok":true,"retryable":false,"detail":"released","duration_ms":2.037}
payment-service-1      | [2026-03-19 10:56:36 +0000] [9] [INFO] {"ts":"2026-03-19T10:56:36.266473+00:00","event":"prepare_complete","service":"payment-service","component":"participant","tx_id":"aebe4ca8-996a-4ad4-8656-264c9a5c3f67","user_id":"cba4b365-813b-4e85-ad93-22f597201d61","amount":80,"status":"prepared","duration_ms":2.103}
order-service-2        | [2026-03-19 10:57:09 +0000] [134] [INFO] {"ts":"2026-03-19T10:57:09.224858+00:00","event":"saga_mq_result_applied","service":"order-service","component":"saga-mq","tx_id":"a8915a1e-2ca2-494e-9459-6674e737066f","participant":"payment","action":"debit","correlation_id":"1dae4e03-1d3b-46ef-98f5-8aa6c27c723c","ok":"1","retryable":"0","detail":""}
payment-service-1      | [2026-03-19 10:56:36 +0000] [9] [INFO] {"ts":"2026-03-19T10:56:36.330930+00:00","event":"add_funds","service":"payment-service","component":"participant","user_id":"74735cdc-dfcb-4ead-bf3c-5e9d386cedf2","amount":100,"credit":100}
order-service-2        | [2026-03-19 10:57:09 +0000] [134] [INFO] {"ts":"2026-03-19T10:57:09.278635+00:00","event":"saga_mq_result_applied","service":"order-service","component":"saga-mq","tx_id":"d162a19c-195d-4bcd-9cdd-72b38f45ecc4","participant":"payment","action":"debit","correlation_id":"01d7f76b-b521-44e5-b27d-13d361cb2fc4","ok":"1","retryable":"0","detail":""}
order-service-2        | [2026-03-19 10:57:09 +0000] [134] [INFO] {"ts":"2026-03-19T10:57:09.317426+00:00","event":"saga_mq_result_applied","service":"order-service","component":"saga-mq","tx_id":"f83a3368-e156-47bf-bfc2-46b4614a3803","participant":"stock","action":"reserve","correlation_id":"92f2d803-75c5-4e1c-b453-62b649150ac3","ok":"1","retryable":"0","detail":"reserved"}
order-service-2        | [2026-03-19 10:57:09 +0000] [134] [INFO] {"ts":"2026-03-19T10:57:09.369093+00:00","event":"saga_mq_result_applied","service":"order-service","component":"saga-mq","tx_id":"f83a3368-e156-47bf-bfc2-46b4614a3803","participant":"stock","action":"reserve","correlation_id":"99e8b7e2-6101-44ae-a7f4-da7a7cdeea6d","ok":"1","retryable":"0","detail":"reserved"}
order-service-2        | [2026-03-19 10:57:09 +0000] [134] [INFO] {"ts":"2026-03-19T10:57:09.392932+00:00","event":"saga_mq_result_applied","service":"order-service","component":"saga-mq","tx_id":"e09e3afb-0d09-42e1-851c-b801bc273432","participant":"stock","action":"reserve","correlation_id":"c2dd0747-22b3-4dfa-85bd-86cbace920bc","ok":"1","retryable":"0","detail":"already reserved"}
order-service-2        | [2026-03-19 10:57:09 +0000] [134] [INFO] {"ts":"2026-03-19T10:57:09.431287+00:00","event":"saga_mq_result_applied","service":"order-service","component":"saga-mq","tx_id":"e09e3afb-0d09-42e1-851c-b801bc273432","participant":"stock","action":"reserve","correlation_id":"99f78a17-2265-4e44-94b9-1d382fcd3688","ok":"1","retryable":"0","detail":"reserved"}
order-service-2        | [2026-03-19 10:57:09 +0000] [134] [INFO] {"ts":"2026-03-19T10:57:09.461295+00:00","event":"saga_mq_result_applied","service":"order-service","component":"saga-mq","tx_id":"f83a3368-e156-47bf-bfc2-46b4614a3803","participant":"payment","action":"debit","correlation_id":"c2cfea65-75b9-4ee4-ab91-c1c921c56685","ok":"1","retryable":"0","detail":""}
order-service-2        | [2026-03-19 10:57:09 +0000] [134] [INFO] {"ts":"2026-03-19T10:57:09.523975+00:00","event":"saga_mq_result_applied","service":"order-service","component":"saga-mq","tx_id":"e09e3afb-0d09-42e1-851c-b801bc273432","participant":"payment","action":"debit","correlation_id":"8c6bf4b4-77f6-485c-a973-fb2f4c2de9b2","ok":"1","retryable":"0","detail":""}
order-service-2        | [2026-03-19 10:57:09 +0000] [134] [INFO] {"ts":"2026-03-19T10:57:09.560141+00:00","event":"saga_mq_result_applied","service":"order-service","component":"saga-mq","tx_id":"4fc9369b-b893-449b-88ac-925dbbe14730","participant":"stock","action":"reserve","correlation_id":"92623e60-90ce-4a5d-9709-9fdec6363519","ok":"1","retryable":"0","detail":"already reserved"}
order-service-2        | [2026-03-19 10:57:09 +0000] [134] [INFO] {"ts":"2026-03-19T10:57:09.606994+00:00","event":"saga_mq_result_applied","service":"order-service","component":"saga-mq","tx_id":"4fc9369b-b893-449b-88ac-925dbbe14730","participant":"stock","action":"reserve","correlation_id":"bb110f8b-0466-4681-b44f-be8ada751a35","ok":"1","retryable":"0","detail":"reserved"}
order-service-2        | [2026-03-19 10:57:09 +0000] [134] [INFO] {"ts":"2026-03-19T10:57:09.642777+00:00","event":"saga_mq_result_applied","service":"order-service","component":"saga-mq","tx_id":"6d6c36e5-c552-41c2-8577-4b4390682262","participant":"stock","action":"reserve","correlation_id":"98f16ad2-ae17-4a36-b676-b1616463114b","ok":"1","retryable":"0","detail":"already reserved"}
order-service-2        | [2026-03-19 10:57:09 +0000] [134] [INFO] {"ts":"2026-03-19T10:57:09.675547+00:00","event":"saga_mq_result_applied","service":"order-service","component":"saga-mq","tx_id":"4fc9369b-b893-449b-88ac-925dbbe14730","participant":"payment","action":"debit","correlation_id":"ede4f277-c2b8-44ac-b07e-e075d4a7b137","ok":"1","retryable":"0","detail":""}
order-service-2        | [2026-03-19 10:57:09 +0000] [134] [INFO] {"ts":"2026-03-19T10:57:09.739508+00:00","event":"saga_mq_result_applied","service":"order-service","component":"saga-mq","tx_id":"6d6c36e5-c552-41c2-8577-4b4390682262","participant":"stock","action":"reserve","correlation_id":"025bce5d-7221-430f-a7cf-9bc139523749","ok":"1","retryable":"0","detail":"reserved"}
stock-db-replica-1     | 1:S 19 Mar 2026 10:38:24.877 * Creating AOF incr file appendonly.aof.1.incr.aof on server start
stock-db-replica-1     | 1:S 19 Mar 2026 10:38:24.877 * Ready to accept connections tcp
stock-db-replica-1     | 1:S 19 Mar 2026 10:38:24.877 * Connecting to MASTER stock-db:6379
stock-db-replica-1     | 1:S 19 Mar 2026 10:38:24.909 * MASTER <-> REPLICA sync started
stock-db-replica-1     | 1:S 19 Mar 2026 10:38:24.909 * Non blocking connect for SYNC fired the event.
stock-db-replica-1     | 1:S 19 Mar 2026 10:38:24.910 * Master replied to PING, replication can continue...
stock-db-replica-1     | 1:S 19 Mar 2026 10:38:24.917 * Partial resynchronization not possible (no cached master)
stock-db-replica-1     | 1:S 19 Mar 2026 10:38:29.847 * Full resync from master: 6f17ebd8a1780d83df4218617212eb11933504d2:691
stock-db-replica-1     | 1:S 19 Mar 2026 10:38:29.848 * MASTER <-> REPLICA sync: receiving streamed RDB from master with EOF to disk
stock-db-replica-1     | 1:S 19 Mar 2026 10:38:29.875 * MASTER <-> REPLICA sync: Flushing old data
stock-db-replica-1     | 1:S 19 Mar 2026 10:38:29.875 * MASTER <-> REPLICA sync: Loading DB in memory
stock-db-replica-1     | 1:S 19 Mar 2026 10:38:29.910 * Loading RDB produced by version 7.2.13
stock-db-replica-1     | 1:S 19 Mar 2026 10:38:29.910 * RDB age 0 seconds
stock-db-replica-1     | 1:S 19 Mar 2026 10:38:29.910 * RDB memory usage when created 1.17 Mb
stock-db-replica-1     | 1:S 19 Mar 2026 10:38:29.910 * Done loading RDB, keys loaded: 0, keys expired: 0.
stock-db-replica-1     | 1:S 19 Mar 2026 10:38:29.911 * MASTER <-> REPLICA sync: Finished with success
stock-db-replica-1     | 1:S 19 Mar 2026 10:38:29.911 * Creating AOF incr file temp-appendonly.aof.incr on background rewrite
stock-db-replica-1     | 1:S 19 Mar 2026 10:38:29.912 * Background append only file rewriting started by pid 20
stock-db-replica-1     | 20:C 19 Mar 2026 10:38:29.945 * Successfully created the temporary AOF base file temp-rewriteaof-bg-20.aof
order-service-2        | [2026-03-19 10:57:09 +0000] [134] [INFO] {"ts":"2026-03-19T10:57:09.830249+00:00","event":"saga_mq_result_applied","service":"order-service","component":"saga-mq","tx_id":"8669caca-2a11-4161-b6be-8ded20be1dc4","participant":"stock","action":"reserve","correlation_id":"3178f6c5-7768-42e7-9655-699f91e1947d","ok":"1","retryable":"0","detail":"already reserved"}
stock-service-2        | [2026-03-19 10:56:46 +0000] [9] [INFO] {"ts":"2026-03-19T10:56:46.014509+00:00","event":"saga_worker_command_processed","service":"stock-service","component":"saga-worker","stream":"saga:cmd:stock:p0","message_id":"1773917806005-0","correlation_id":"00be4dfb-d690-449a-802e-b65c36ee7bc5","tx_id":"bb1df5a0-6abe-438f-9f80-96939004f51b","action":"reserve","partition":0,"ok":true,"retryable":false,"detail":"reserved","duration_ms":1.356}
stock-service-2        | [2026-03-19 10:56:46 +0000] [9] [INFO] {"ts":"2026-03-19T10:56:46.077400+00:00","event":"prepare_begin","service":"stock-service","component":"participant","tx_id":"a772e66c-79ed-4f1f-865c-d8e5d56c1f4a","item_id":"c61d14db-dd5b-4691-8616-9d14327bdf19","amount":1}
order-service-2        | [2026-03-19 10:57:09 +0000] [134] [INFO] {"ts":"2026-03-19T10:57:09.867512+00:00","event":"saga_mq_result_applied","service":"order-service","component":"saga-mq","tx_id":"6d6c36e5-c552-41c2-8577-4b4390682262","participant":"payment","action":"debit","correlation_id":"bcc12c80-13af-4ed6-9de2-84e5da87d324","ok":"1","retryable":"0","detail":""}
stock-service-2        | [2026-03-19 10:56:46 +0000] [9] [WARNING] {"ts":"2026-03-19T10:56:46.079420+00:00","event":"prepare_failed","service":"stock-service","component":"participant","tx_id":"a772e66c-79ed-4f1f-865c-d8e5d56c1f4a","item_id":"c61d14db-dd5b-4691-8616-9d14327bdf19","amount":1,"detail":"Txn a772e66c-79ed-4f1f-865c-d8e5d56c1f4a: insufficient stock for item c61d14db-dd5b-4691-8616-9d14327bdf19","duration_ms":1.976}
payment-service-1      | [2026-03-19 10:56:36 +0000] [9] [INFO] {"ts":"2026-03-19T10:56:36.411645+00:00","event":"create_user","service":"payment-service","component":"participant","user_id":"3d80647d-5728-4ec0-86a1-ada5938a08af"}
order-service-2        | [2026-03-19 10:57:09 +0000] [134] [INFO] {"ts":"2026-03-19T10:57:09.913421+00:00","event":"saga_mq_result_applied","service":"order-service","component":"saga-mq","tx_id":"8669caca-2a11-4161-b6be-8ded20be1dc4","participant":"stock","action":"reserve","correlation_id":"f324620e-8a4e-4aa3-8c86-a8a666956cc3","ok":"1","retryable":"0","detail":"reserved"}
payment-service-1      | [2026-03-19 10:56:36 +0000] [9] [INFO] {"ts":"2026-03-19T10:56:36.437939+00:00","event":"saga_worker_command_processed","service":"payment-service","component":"saga-worker","stream":"saga:cmd:payment:p3","message_id":"1773917796423-0","correlation_id":"2bcf0499-0d54-4807-bdc2-e9172d6b8901","tx_id":"06d72668-9b8a-479d-8b53-4838cd973491","action":"debit","partition":3,"ok":true,"retryable":false,"detail":null,"duration_ms":10.417}
order-service-2        | [2026-03-19 10:57:10 +0000] [134] [INFO] {"ts":"2026-03-19T10:57:10.030121+00:00","event":"saga_mq_result_applied","service":"order-service","component":"saga-mq","tx_id":"8669caca-2a11-4161-b6be-8ded20be1dc4","participant":"payment","action":"debit","correlation_id":"c3058baa-2d95-448d-87be-ecb8e5e5ca41","ok":"1","retryable":"0","detail":""}
stock-service-1        | [2026-03-19 10:56:49 +0000] [8] [INFO] {"ts":"2026-03-19T10:56:49.473004+00:00","event":"prepare_begin","service":"stock-service","component":"participant","tx_id":"a772e66c-79ed-4f1f-865c-d8e5d56c1f4a","item_id":"c61d14db-dd5b-4691-8616-9d14327bdf19","amount":1}
payment-service-1      | [2026-03-19 10:56:36 +0000] [9] [INFO] {"ts":"2026-03-19T10:56:36.472674+00:00","event":"pay","service":"payment-service","component":"participant","user_id":"3d80647d-5728-4ec0-86a1-ada5938a08af","amount":30,"credit":70}
stock-service-1        | [2026-03-19 10:56:49 +0000] [8] [WARNING] {"ts":"2026-03-19T10:56:49.475648+00:00","event":"prepare_failed","service":"stock-service","component":"participant","tx_id":"a772e66c-79ed-4f1f-865c-d8e5d56c1f4a","item_id":"c61d14db-dd5b-4691-8616-9d14327bdf19","amount":1,"detail":"Txn a772e66c-79ed-4f1f-865c-d8e5d56c1f4a: insufficient stock for item c61d14db-dd5b-4691-8616-9d14327bdf19","duration_ms":2.599}
stock-service-1        | [2026-03-19 10:56:49 +0000] [8] [INFO] {"ts":"2026-03-19T10:56:49.491763+00:00","event":"saga_reserve_complete","service":"stock-service","component":"participant","tx_id":"79d21f8e-bae3-4f7d-a100-86e7be8da33d","item_id":"44024","amount":1,"status":"already reserved"}
stock-service-1        | [2026-03-19 10:56:49 +0000] [8] [INFO] {"ts":"2026-03-19T10:56:49.496726+00:00","event":"saga_worker_command_processed","service":"stock-service","component":"saga-worker","stream":"saga:cmd:stock:p1","message_id":"1773917809488-0","correlation_id":"f04e3ac4-1744-4743-a86c-d908081dbd15","tx_id":"79d21f8e-bae3-4f7d-a100-86e7be8da33d","action":"reserve","partition":1,"ok":true,"retryable":false,"detail":"already reserved","duration_ms":2.261}
stock-service-1        | [2026-03-19 10:56:49 +0000] [8] [INFO] {"ts":"2026-03-19T10:56:49.626376+00:00","event":"saga_reserve_complete","service":"stock-service","component":"participant","tx_id":"93a90ae3-0eb6-44d8-aaae-3d7b11164611","item_id":"53016","amount":1,"status":"already reserved"}
stock-service-1        | [2026-03-19 10:56:49 +0000] [8] [INFO] {"ts":"2026-03-19T10:56:49.637057+00:00","event":"saga_worker_command_processed","service":"stock-service","component":"saga-worker","stream":"saga:cmd:stock:p0","message_id":"1773917809622-0","correlation_id":"bce9d5f7-36d5-46ab-98c5-19ed7a9862d4","tx_id":"93a90ae3-0eb6-44d8-aaae-3d7b11164611","action":"reserve","partition":0,"ok":true,"retryable":false,"detail":"already reserved","duration_ms":2.967}
stock-service-1        | [2026-03-19 10:56:49 +0000] [8] [INFO] {"ts":"2026-03-19T10:56:49.805943+00:00","event":"saga_reserve_complete","service":"stock-service","component":"participant","tx_id":"550287dd-0ab7-4fe4-ba50-7633899b0fbd","item_id":"97056","amount":1,"status":"already reserved"}
stock-service-1        | [2026-03-19 10:56:49 +0000] [8] [INFO] {"ts":"2026-03-19T10:56:49.811902+00:00","event":"saga_worker_command_processed","service":"stock-service","component":"saga-worker","stream":"saga:cmd:stock:p3","message_id":"1773917809798-0","correlation_id":"5747ea24-e296-43de-a664-95da0eac11ec","tx_id":"550287dd-0ab7-4fe4-ba50-7633899b0fbd","action":"reserve","partition":3,"ok":true,"retryable":false,"detail":"already reserved","duration_ms":7.781}
stock-service-1        | [2026-03-19 10:56:49 +0000] [8] [INFO] {"ts":"2026-03-19T10:56:49.983301+00:00","event":"saga_reserve_complete","service":"stock-service","component":"participant","tx_id":"a2b07c74-d5b7-447a-a72a-a27f1e2fe7cb","item_id":"29410","amount":1,"status":"already reserved"}
stock-service-1        | [2026-03-19 10:56:50 +0000] [8] [INFO] {"ts":"2026-03-19T10:56:50.017810+00:00","event":"saga_worker_command_processed","service":"stock-service","component":"saga-worker","stream":"saga:cmd:stock:p1","message_id":"1773917809979-0","correlation_id":"baea4c38-202c-4058-a9df-c5b1d0c38a9b","tx_id":"a2b07c74-d5b7-447a-a72a-a27f1e2fe7cb","action":"reserve","partition":1,"ok":true,"retryable":false,"detail":"already reserved","duration_ms":2.556}
stock-service-1        | [2026-03-19 10:56:50 +0000] [8] [INFO] {"ts":"2026-03-19T10:56:50.022882+00:00","event":"prepare_begin","service":"stock-service","component":"participant","tx_id":"a772e66c-79ed-4f1f-865c-d8e5d56c1f4a","item_id":"c61d14db-dd5b-4691-8616-9d14327bdf19","amount":1}
stock-service-1        | [2026-03-19 10:56:50 +0000] [8] [WARNING] {"ts":"2026-03-19T10:56:50.041252+00:00","event":"prepare_failed","service":"stock-service","component":"participant","tx_id":"a772e66c-79ed-4f1f-865c-d8e5d56c1f4a","item_id":"c61d14db-dd5b-4691-8616-9d14327bdf19","amount":1,"detail":"Txn a772e66c-79ed-4f1f-865c-d8e5d56c1f4a: insufficient stock for item c61d14db-dd5b-4691-8616-9d14327bdf19","duration_ms":18.369}
order-service-2        | [2026-03-19 10:57:10 +0000] [134] [INFO] {"ts":"2026-03-19T10:57:10.125724+00:00","event":"saga_mq_result_applied","service":"order-service","component":"saga-mq","tx_id":"90e04ce5-b0fa-45e2-a8ec-70b66d2e5ebf","participant":"stock","action":"reserve","correlation_id":"8543e5fd-73e4-4fff-bd42-bcc2cdfae1b3","ok":"1","retryable":"0","detail":"already reserved"}
order-service-2        | [2026-03-19 10:57:10 +0000] [134] [INFO] {"ts":"2026-03-19T10:57:10.178179+00:00","event":"saga_mq_result_applied","service":"order-service","component":"saga-mq","tx_id":"c49aefcb-5db6-4cf8-883f-50e751ce8708","participant":"stock","action":"reserve","correlation_id":"a9469450-7752-479f-83a4-cc47c2e94b49","ok":"1","retryable":"0","detail":"already reserved"}
order-service-2        | [2026-03-19 10:57:10 +0000] [134] [INFO] {"ts":"2026-03-19T10:57:10.255001+00:00","event":"saga_mq_result_applied","service":"order-service","component":"saga-mq","tx_id":"90e04ce5-b0fa-45e2-a8ec-70b66d2e5ebf","participant":"stock","action":"reserve","correlation_id":"8f7549b5-1c94-4fae-adc8-884b21854851","ok":"1","retryable":"0","detail":"reserved"}
order-service-2        | [2026-03-19 10:57:10 +0000] [134] [INFO] {"ts":"2026-03-19T10:57:10.340699+00:00","event":"saga_mq_result_applied","service":"order-service","component":"saga-mq","tx_id":"c49aefcb-5db6-4cf8-883f-50e751ce8708","participant":"stock","action":"reserve","correlation_id":"da6329b5-91d6-4edc-b6e4-49e80dcc965d","ok":"1","retryable":"0","detail":"reserved"}
order-service-2        | [2026-03-19 10:57:10 +0000] [134] [INFO] {"ts":"2026-03-19T10:57:10.422118+00:00","event":"saga_mq_result_applied","service":"order-service","component":"saga-mq","tx_id":"90e04ce5-b0fa-45e2-a8ec-70b66d2e5ebf","participant":"payment","action":"debit","correlation_id":"b9416c52-2b75-4a42-b3d7-f5895ce6d7a5","ok":"1","retryable":"0","detail":""}
stock-db-replica-1     | 20:C 19 Mar 2026 10:38:29.946 * Fork CoW for AOF rewrite: current 0 MB, peak 0 MB, average 0 MB
stock-db-replica-1     | 1:S 19 Mar 2026 10:38:29.950 * Background AOF rewrite terminated with success
stock-db-replica-1     | 1:S 19 Mar 2026 10:38:29.952 * Successfully renamed the temporary AOF base file temp-rewriteaof-bg-20.aof into appendonly.aof.2.base.rdb
stock-db-replica-1     | 1:S 19 Mar 2026 10:38:29.964 * Successfully renamed the temporary AOF incr file temp-appendonly.aof.incr into appendonly.aof.2.incr.aof
stock-db-replica-1     | 1:S 19 Mar 2026 10:38:30.018 * Removing the history file appendonly.aof.1.incr.aof in the background
payment-service-1      | [2026-03-19 10:56:36 +0000] [9] [INFO] {"ts":"2026-03-19T10:56:36.500804+00:00","event":"create_user","service":"payment-service","component":"participant","user_id":"06d19b6d-8274-4c3a-a8a1-05b9f5a9883b"}
payment-service-1      | [2026-03-19 10:56:36 +0000] [9] [INFO] {"ts":"2026-03-19T10:56:36.607368+00:00","event":"create_user","service":"payment-service","component":"participant","user_id":"991a7b41-f6b2-48d1-9f0c-6afb1d0fdddc"}
payment-service-1      | [2026-03-19 10:56:36 +0000] [9] [INFO] {"ts":"2026-03-19T10:56:36.697189+00:00","event":"create_user","service":"payment-service","component":"participant","user_id":"7fa84fc4-5c38-46fc-80f7-86fe4b80969b"}
payment-service-1      | [2026-03-19 10:56:36 +0000] [9] [INFO] {"ts":"2026-03-19T10:56:36.713802+00:00","event":"saga_worker_command_processed","service":"payment-service","component":"saga-worker","stream":"saga:cmd:payment:p3","message_id":"1773917796696-0","correlation_id":"7dd85c91-8dc7-4081-bb58-ce315aac9afb","tx_id":"7f55c82e-4fce-440d-aa55-0208d1b75005","action":"debit","partition":3,"ok":true,"retryable":false,"detail":null,"duration_ms":6.734}
payment-service-1      | [2026-03-19 10:56:36 +0000] [9] [INFO] {"ts":"2026-03-19T10:56:36.787098+00:00","event":"create_user","service":"payment-service","component":"participant","user_id":"d7dbbdc8-d281-427e-a6e4-ec9c0fd5c61a"}
payment-service-1      | [2026-03-19 10:56:36 +0000] [9] [INFO] {"ts":"2026-03-19T10:56:36.872452+00:00","event":"create_user","service":"payment-service","component":"participant","user_id":"1a09dae0-9279-466f-b829-da389425c148"}
payment-service-1      | [2026-03-19 10:56:36 +0000] [9] [INFO] {"ts":"2026-03-19T10:56:36.948041+00:00","event":"saga_worker_command_processed","service":"payment-service","component":"saga-worker","stream":"saga:cmd:payment:p0","message_id":"1773917796939-0","correlation_id":"d2a3086d-e168-49e3-a74b-daeea7fad062","tx_id":"0dc6ae69-eb13-40da-b71e-bfe1ad88258a","action":"debit","partition":0,"ok":true,"retryable":false,"detail":null,"duration_ms":3.889}
payment-service-1      | [2026-03-19 10:56:36 +0000] [9] [INFO] {"ts":"2026-03-19T10:56:36.978784+00:00","event":"create_user","service":"payment-service","component":"participant","user_id":"c5d5e17a-709d-4332-bcef-c3af19231e95"}
payment-service-1      | [2026-03-19 10:56:37 +0000] [9] [INFO] {"ts":"2026-03-19T10:56:37.070974+00:00","event":"create_user","service":"payment-service","component":"participant","user_id":"6986f50c-4b88-4002-a058-1c3f13754c3e"}
payment-service-1      | [2026-03-19 10:56:37 +0000] [9] [INFO] {"ts":"2026-03-19T10:56:37.105552+00:00","event":"saga_worker_command_processed","service":"payment-service","component":"saga-worker","stream":"saga:cmd:payment:p1","message_id":"1773917797098-0","correlation_id":"7773ecf4-bdea-4d41-9487-4d50e643dc3b","tx_id":"cb4ab75b-530e-4e98-bd4a-3c85cade715c","action":"debit","partition":1,"ok":true,"retryable":false,"detail":null,"duration_ms":4.292}
payment-service-1      | [2026-03-19 10:56:37 +0000] [9] [INFO] {"ts":"2026-03-19T10:56:37.171267+00:00","event":"create_user","service":"payment-service","component":"participant","user_id":"a160296d-16a5-4ffa-95e3-70bc955abe0e"}
payment-service-1      | [2026-03-19 10:56:37 +0000] [9] [INFO] {"ts":"2026-03-19T10:56:37.253153+00:00","event":"pay","service":"payment-service","component":"participant","user_id":"a160296d-16a5-4ffa-95e3-70bc955abe0e","amount":30,"credit":70}
payment-service-1      | [2026-03-19 10:56:37 +0000] [9] [INFO] {"ts":"2026-03-19T10:56:37.283995+00:00","event":"create_user","service":"payment-service","component":"participant","user_id":"b7286ea4-f058-4f0b-9014-2a30c0b1d4fa"}
payment-service-1      | [2026-03-19 10:56:37 +0000] [9] [INFO] {"ts":"2026-03-19T10:56:37.329651+00:00","event":"saga_worker_command_processed","service":"payment-service","component":"saga-worker","stream":"saga:cmd:payment:p2","message_id":"1773917797320-0","correlation_id":"c325a0d5-6033-492e-8837-14e67146fc56","tx_id":"d83f182f-95a2-4414-b707-898ea34dd55b","action":"debit","partition":2,"ok":true,"retryable":false,"detail":null,"duration_ms":5.211}
payment-service-1      | [2026-03-19 10:56:37 +0000] [9] [INFO] {"ts":"2026-03-19T10:56:37.382813+00:00","event":"create_user","service":"payment-service","component":"participant","user_id":"fbcebd68-f815-48c3-82d5-0db473547d03"}
payment-service-1      | [2026-03-19 10:56:37 +0000] [9] [INFO] {"ts":"2026-03-19T10:56:37.458121+00:00","event":"pay","service":"payment-service","component":"participant","user_id":"fbcebd68-f815-48c3-82d5-0db473547d03","amount":30,"credit":70}
payment-service-1      | [2026-03-19 10:56:37 +0000] [9] [INFO] {"ts":"2026-03-19T10:56:37.489866+00:00","event":"create_user","service":"payment-service","component":"participant","user_id":"613e05a9-ebf4-47a9-bdc2-79268406b54e"}
payment-service-1      | [2026-03-19 10:56:37 +0000] [9] [INFO] {"ts":"2026-03-19T10:56:37.554504+00:00","event":"saga_worker_command_processed","service":"payment-service","component":"saga-worker","stream":"saga:cmd:payment:p0","message_id":"1773917797542-0","correlation_id":"a6f2f881-6fea-4706-b852-4e3fb74439e0","tx_id":"da8f3153-d9dc-4b16-a1d2-9fc38e11f1e5","action":"debit","partition":0,"ok":true,"retryable":false,"detail":null,"duration_ms":4.725}
payment-service-1      | [2026-03-19 10:56:37 +0000] [9] [INFO] {"ts":"2026-03-19T10:56:37.585351+00:00","event":"create_user","service":"payment-service","component":"participant","user_id":"7b6f8288-d0fb-4ce4-b778-750aee11dfce"}
payment-service-1      | [2026-03-19 10:56:37 +0000] [9] [INFO] {"ts":"2026-03-19T10:56:37.704811+00:00","event":"create_user","service":"payment-service","component":"participant","user_id":"250ef01a-3ea2-4ec9-99d5-f696a891f299"}
payment-service-1      | [2026-03-19 10:56:37 +0000] [9] [INFO] {"ts":"2026-03-19T10:56:37.806332+00:00","event":"create_user","service":"payment-service","component":"participant","user_id":"27386981-0a80-4eba-98b1-d5a905d1356b"}
payment-service-1      | [2026-03-19 10:56:37 +0000] [9] [INFO] {"ts":"2026-03-19T10:56:37.834571+00:00","event":"saga_worker_command_processed","service":"payment-service","component":"saga-worker","stream":"saga:cmd:payment:p1","message_id":"1773917797824-0","correlation_id":"ac33aa2a-af65-48fe-95ba-07c0c6483adc","tx_id":"26b80664-8177-42b9-8cee-1d9f6618f179","action":"debit","partition":1,"ok":true,"retryable":false,"detail":null,"duration_ms":5.333}
payment-service-1      | [2026-03-19 10:56:37 +0000] [9] [INFO] {"ts":"2026-03-19T10:56:37.875840+00:00","event":"pay","service":"payment-service","component":"participant","user_id":"27386981-0a80-4eba-98b1-d5a905d1356b","amount":30,"credit":70}
payment-service-1      | [2026-03-19 10:56:37 +0000] [9] [INFO] {"ts":"2026-03-19T10:56:37.914996+00:00","event":"create_user","service":"payment-service","component":"participant","user_id":"6b74f6a0-6c35-4a9c-9e4c-bed72874bea0"}
payment-service-1      | [2026-03-19 10:56:37 +0000] [9] [INFO] {"ts":"2026-03-19T10:56:37.998282+00:00","event":"pay","service":"payment-service","component":"participant","user_id":"6b74f6a0-6c35-4a9c-9e4c-bed72874bea0","amount":30,"credit":70}
payment-service-1      | [2026-03-19 10:56:38 +0000] [9] [INFO] {"ts":"2026-03-19T10:56:38.028640+00:00","event":"create_user","service":"payment-service","component":"participant","user_id":"1285384f-52ba-4657-820c-4133483437e4"}
payment-service-1      | [2026-03-19 10:56:38 +0000] [9] [INFO] {"ts":"2026-03-19T10:56:38.093810+00:00","event":"saga_worker_command_processed","service":"payment-service","component":"saga-worker","stream":"saga:cmd:payment:p1","message_id":"1773917798082-0","correlation_id":"65800073-539c-4452-9981-bf96fccef9bf","tx_id":"65ea8c2a-8007-446a-b45e-e025f34bc710","action":"debit","partition":1,"ok":true,"retryable":false,"detail":null,"duration_ms":3.344}
payment-service-1      | [2026-03-19 10:56:38 +0000] [9] [INFO] {"ts":"2026-03-19T10:56:38.136203+00:00","event":"create_user","service":"payment-service","component":"participant","user_id":"eefc27b3-436d-40c7-9481-48ba4b5a928e"}
payment-service-1      | [2026-03-19 10:56:38 +0000] [9] [INFO] {"ts":"2026-03-19T10:56:38.221288+00:00","event":"create_user","service":"payment-service","component":"participant","user_id":"2b5718a7-f5af-4a98-8cd5-d0277dc5d8d1"}
payment-service-1      | [2026-03-19 10:56:38 +0000] [9] [INFO] {"ts":"2026-03-19T10:56:38.327421+00:00","event":"create_user","service":"payment-service","component":"participant","user_id":"9e05c7ef-bef9-431a-a6f0-037f4c5481f7"}
payment-service-1      | [2026-03-19 10:56:38 +0000] [9] [INFO] {"ts":"2026-03-19T10:56:38.396789+00:00","event":"saga_worker_command_processed","service":"payment-service","component":"saga-worker","stream":"saga:cmd:payment:p0","message_id":"1773917798382-0","correlation_id":"5a386323-2c99-4a51-a34c-5d940c20b7f1","tx_id":"137f1e3a-1b01-467c-b816-968f24a8472c","action":"debit","partition":0,"ok":true,"retryable":false,"detail":null,"duration_ms":8.416}
payment-service-1      | [2026-03-19 10:56:38 +0000] [9] [INFO] {"ts":"2026-03-19T10:56:38.429541+00:00","event":"create_user","service":"payment-service","component":"participant","user_id":"3066bd10-337d-4fe5-a632-31fc2bb55661"}
payment-service-1      | [2026-03-19 10:56:38 +0000] [9] [INFO] {"ts":"2026-03-19T10:56:38.572933+00:00","event":"create_user","service":"payment-service","component":"participant","user_id":"99c41c23-367e-40ea-9551-5dc7869e3ea7"}
payment-service-1      | [2026-03-19 10:56:38 +0000] [9] [INFO] {"ts":"2026-03-19T10:56:38.699941+00:00","event":"create_user","service":"payment-service","component":"participant","user_id":"cdc81a10-f545-458a-b3b1-3b19f656e485"}
payment-service-1      | [2026-03-19 10:56:38 +0000] [9] [INFO] {"ts":"2026-03-19T10:56:38.768053+00:00","event":"saga_worker_command_processed","service":"payment-service","component":"saga-worker","stream":"saga:cmd:payment:p2","message_id":"1773917798749-0","correlation_id":"ba41c46b-95c5-439a-be7c-d943ddd0fdbb","tx_id":"fd191b72-47ee-4cac-ad7f-876095ae7dbb","action":"debit","partition":2,"ok":true,"retryable":false,"detail":null,"duration_ms":7.555}
payment-service-1      | [2026-03-19 10:56:38 +0000] [9] [INFO] {"ts":"2026-03-19T10:56:38.843279+00:00","event":"create_user","service":"payment-service","component":"participant","user_id":"d243ceb6-6544-4979-a4a7-eb7e40cbb6d0"}
payment-service-1      | [2026-03-19 10:56:38 +0000] [9] [INFO] {"ts":"2026-03-19T10:56:38.933932+00:00","event":"prepare_begin","service":"payment-service","component":"participant","tx_id":"66a1a01d-2673-466b-9b41-ad8824cddeec","user_id":"d243ceb6-6544-4979-a4a7-eb7e40cbb6d0","amount":80}
payment-service-1      | [2026-03-19 10:56:38 +0000] [9] [INFO] {"ts":"2026-03-19T10:56:38.936589+00:00","event":"prepare_complete","service":"payment-service","component":"participant","tx_id":"66a1a01d-2673-466b-9b41-ad8824cddeec","user_id":"d243ceb6-6544-4979-a4a7-eb7e40cbb6d0","amount":80,"status":"prepared","duration_ms":2.55}
payment-service-1      | [2026-03-19 10:56:38 +0000] [9] [INFO] {"ts":"2026-03-19T10:56:38.975150+00:00","event":"create_user","service":"payment-service","component":"participant","user_id":"fdde3b9c-b17f-4f47-b2af-1739b6c94e28"}
payment-service-1      | [2026-03-19 10:56:39 +0000] [9] [INFO] {"ts":"2026-03-19T10:56:39.024830+00:00","event":"saga_worker_command_processed","service":"payment-service","component":"saga-worker","stream":"saga:cmd:payment:p2","message_id":"1773917799010-0","correlation_id":"74ecea68-5484-427e-9db1-dd10b4d0edb5","tx_id":"a7f265f1-094e-4cf0-9d20-1114dd648b93","action":"debit","partition":2,"ok":true,"retryable":false,"detail":null,"duration_ms":9.647}
payment-service-1      | [2026-03-19 10:56:39 +0000] [9] [INFO] {"ts":"2026-03-19T10:56:39.051684+00:00","event":"prepare_begin","service":"payment-service","component":"participant","tx_id":"ff112896-b453-47c2-9f0f-1f41405af2ac","user_id":"fdde3b9c-b17f-4f47-b2af-1739b6c94e28","amount":80}
payment-service-1      | [2026-03-19 10:56:39 +0000] [9] [INFO] {"ts":"2026-03-19T10:56:39.055139+00:00","event":"prepare_complete","service":"payment-service","component":"participant","tx_id":"ff112896-b453-47c2-9f0f-1f41405af2ac","user_id":"fdde3b9c-b17f-4f47-b2af-1739b6c94e28","amount":80,"status":"prepared","duration_ms":3.44}
payment-service-1      | [2026-03-19 10:56:39 +0000] [9] [INFO] {"ts":"2026-03-19T10:56:39.087929+00:00","event":"create_user","service":"payment-service","component":"participant","user_id":"f28c469b-6344-4aac-8b20-0caff2e47f2a"}
payment-service-1      | [2026-03-19 10:56:39 +0000] [9] [INFO] {"ts":"2026-03-19T10:56:39.208234+00:00","event":"create_user","service":"payment-service","component":"participant","user_id":"0254c636-be8f-4803-9e43-6cbaf545951d"}
payment-service-1      | [2026-03-19 10:56:39 +0000] [9] [INFO] {"ts":"2026-03-19T10:56:39.315141+00:00","event":"create_user","service":"payment-service","component":"participant","user_id":"bae61b6a-9452-4a03-9d28-92c89ce1de5b"}
payment-service-1      | [2026-03-19 10:56:39 +0000] [9] [INFO] {"ts":"2026-03-19T10:56:39.380764+00:00","event":"saga_worker_command_processed","service":"payment-service","component":"saga-worker","stream":"saga:cmd:payment:p1","message_id":"1773917799363-0","correlation_id":"9da61f78-5d73-497b-a0a1-ecb178e72fbf","tx_id":"3ea303b7-83a9-4a2a-b8d1-10c30b643577","action":"debit","partition":1,"ok":true,"retryable":false,"detail":null,"duration_ms":8.846}
payment-service-1      | [2026-03-19 10:56:39 +0000] [9] [INFO] {"ts":"2026-03-19T10:56:39.402427+00:00","event":"prepare_begin","service":"payment-service","component":"participant","tx_id":"4ae7e41e-a90a-4d8a-89d5-7c87febde437","user_id":"bae61b6a-9452-4a03-9d28-92c89ce1de5b","amount":80}
payment-service-1      | [2026-03-19 10:56:39 +0000] [9] [INFO] {"ts":"2026-03-19T10:56:39.407493+00:00","event":"prepare_complete","service":"payment-service","component":"participant","tx_id":"4ae7e41e-a90a-4d8a-89d5-7c87febde437","user_id":"bae61b6a-9452-4a03-9d28-92c89ce1de5b","amount":80,"status":"prepared","duration_ms":5.054}
payment-service-1      | [2026-03-19 10:56:39 +0000] [9] [INFO] {"ts":"2026-03-19T10:56:39.440525+00:00","event":"create_user","service":"payment-service","component":"participant","user_id":"7f3f3dd0-6ada-4a46-aa72-b91b5fd2f225"}
payment-service-1      | [2026-03-19 10:56:39 +0000] [9] [INFO] {"ts":"2026-03-19T10:56:39.551784+00:00","event":"create_user","service":"payment-service","component":"participant","user_id":"4ecff360-0e35-4ace-b2d2-34a69de37902"}
payment-service-1      | [2026-03-19 10:56:39 +0000] [9] [INFO] {"ts":"2026-03-19T10:56:39.602861+00:00","event":"saga_worker_command_processed","service":"payment-service","component":"saga-worker","stream":"saga:cmd:payment:p2","message_id":"1773917799592-0","correlation_id":"aa351b6f-b3ed-41d3-9259-5c6658a793d4","tx_id":"1e989860-a76c-4855-a6ed-9992ccb6b4b9","action":"debit","partition":2,"ok":true,"retryable":false,"detail":null,"duration_ms":6.445}
payment-service-1      | [2026-03-19 10:56:39 +0000] [9] [INFO] {"ts":"2026-03-19T10:56:39.652109+00:00","event":"create_user","service":"payment-service","component":"participant","user_id":"2fcf1dad-d368-4d41-b439-c19a2908d595"}
payment-service-1      | [2026-03-19 10:56:39 +0000] [9] [INFO] {"ts":"2026-03-19T10:56:39.829703+00:00","event":"create_user","service":"payment-service","component":"participant","user_id":"5d496cca-af78-49aa-9bac-3f297d087331"}
payment-service-1      | [2026-03-19 10:56:39 +0000] [9] [INFO] {"ts":"2026-03-19T10:56:39.959612+00:00","event":"saga_worker_command_processed","service":"payment-service","component":"saga-worker","stream":"saga:cmd:payment:p1","message_id":"1773917799945-0","correlation_id":"897d7f35-bbae-43c5-8b6d-1aecd7b00bb5","tx_id":"24b43385-ddec-4794-adaf-e5abdc2f830e","action":"debit","partition":1,"ok":true,"retryable":false,"detail":null,"duration_ms":6.818}
payment-service-1      | [2026-03-19 10:56:39 +0000] [9] [INFO] {"ts":"2026-03-19T10:56:39.966768+00:00","event":"prepare_begin","service":"payment-service","component":"participant","tx_id":"b0fc97ea-b3a7-4939-aed5-4be5c07d0313","user_id":"5d496cca-af78-49aa-9bac-3f297d087331","amount":80}
payment-service-1      | [2026-03-19 10:56:39 +0000] [9] [WARNING] {"ts":"2026-03-19T10:56:39.970245+00:00","event":"prepare_failed","service":"payment-service","component":"participant","tx_id":"b0fc97ea-b3a7-4939-aed5-4be5c07d0313","user_id":"5d496cca-af78-49aa-9bac-3f297d087331","amount":80,"detail":"Insufficient credit for user 5d496cca-af78-49aa-9bac-3f297d087331","duration_ms":3.464}
payment-service-1      | [2026-03-19 10:56:40 +0000] [9] [INFO] {"ts":"2026-03-19T10:56:40.020293+00:00","event":"create_user","service":"payment-service","component":"participant","user_id":"2fcb9ada-dfa3-4f8f-bf59-188fdff6161d"}
payment-service-1      | [2026-03-19 10:56:40 +0000] [9] [INFO] {"ts":"2026-03-19T10:56:40.155570+00:00","event":"create_user","service":"payment-service","component":"participant","user_id":"1bdde314-fab1-4228-aba6-8c7dce1f8850"}
payment-service-1      | [2026-03-19 10:56:40 +0000] [9] [INFO] {"ts":"2026-03-19T10:56:40.236771+00:00","event":"prepare_begin","service":"payment-service","component":"participant","tx_id":"94764297-e345-441c-9cc4-5016f7a8f176","user_id":"1bdde314-fab1-4228-aba6-8c7dce1f8850","amount":80}
payment-service-1      | [2026-03-19 10:56:40 +0000] [9] [INFO] {"ts":"2026-03-19T10:56:40.239513+00:00","event":"prepare_complete","service":"payment-service","component":"participant","tx_id":"94764297-e345-441c-9cc4-5016f7a8f176","user_id":"1bdde314-fab1-4228-aba6-8c7dce1f8850","amount":80,"status":"prepared","duration_ms":2.71}
stock-db-replica-1     | 1:S 19 Mar 2026 10:38:30.018 * Removing the history file appendonly.aof.1.base.rdb in the background
stock-db-replica-1     | 1:S 19 Mar 2026 10:38:30.095 * Background AOF rewrite finished successfully
stock-db-replica-1     | 1:S 19 Mar 2026 10:39:25.066 * 10000 changes in 60 seconds. Saving...
stock-db-replica-1     | 1:S 19 Mar 2026 10:39:25.067 * Background saving started by pid 29
stock-db-replica-1     | 29:C 19 Mar 2026 10:39:25.201 * DB saved on disk
stock-db-replica-1     | 29:C 19 Mar 2026 10:39:25.202 * Fork CoW for RDB: current 0 MB, peak 0 MB, average 0 MB
order-service-2        | [2026-03-19 10:57:10 +0000] [134] [INFO] {"ts":"2026-03-19T10:57:10.515688+00:00","event":"saga_mq_result_applied","service":"order-service","component":"saga-mq","tx_id":"c49aefcb-5db6-4cf8-883f-50e751ce8708","participant":"payment","action":"debit","correlation_id":"73345415-c7b6-4ac9-872b-40ddd24fa70e","ok":"1","retryable":"0","detail":""}
payment-service-1      | [2026-03-19 10:56:40 +0000] [9] [INFO] {"ts":"2026-03-19T10:56:40.287029+00:00","event":"create_user","service":"payment-service","component":"participant","user_id":"e70e0d20-25dd-476f-a82e-d23cd4fe496d"}
order-service-2        | [2026-03-19 10:57:10 +0000] [134] [INFO] {"ts":"2026-03-19T10:57:10.643755+00:00","event":"saga_mq_result_applied","service":"order-service","component":"saga-mq","tx_id":"75533fee-3da0-4f25-96d2-2f5d48fa7cce","participant":"stock","action":"release","correlation_id":"1a5e8e79-1464-404b-8224-e4e769457e2a","ok":"1","retryable":"0","detail":"released"}
stock-service-1        | [2026-03-19 10:56:50 +0000] [8] [INFO] {"ts":"2026-03-19T10:56:50.203016+00:00","event":"saga_reserve_complete","service":"stock-service","component":"participant","tx_id":"f8a8db26-6615-4ec1-be5c-3b4789077427","item_id":"16968","amount":1,"status":"already reserved"}
payment-service-1      | [2026-03-19 10:56:40 +0000] [9] [INFO] {"ts":"2026-03-19T10:56:40.311840+00:00","event":"saga_worker_command_processed","service":"payment-service","component":"saga-worker","stream":"saga:cmd:payment:p3","message_id":"1773917800294-0","correlation_id":"b7a14b03-a5cd-49d2-a1c6-02f0c31b261a","tx_id":"1e640fdc-85e4-41fc-a6eb-eb723e941ffc","action":"debit","partition":3,"ok":true,"retryable":false,"detail":null,"duration_ms":10.143}
stock-service-1        | [2026-03-19 10:56:50 +0000] [8] [INFO] {"ts":"2026-03-19T10:56:50.230991+00:00","event":"saga_worker_command_processed","service":"stock-service","component":"saga-worker","stream":"saga:cmd:stock:p2","message_id":"1773917810198-0","correlation_id":"6ca56f0b-8c92-40fe-ba31-bd78f1778390","tx_id":"f8a8db26-6615-4ec1-be5c-3b4789077427","action":"reserve","partition":2,"ok":true,"retryable":false,"detail":"already reserved","duration_ms":3.787}
stock-service-2        | [2026-03-19 10:56:46 +0000] [9] [INFO] {"ts":"2026-03-19T10:56:46.247379+00:00","event":"saga_reserve_complete","service":"stock-service","component":"participant","tx_id":"c7f791f6-031c-4459-bea5-e16947c4a0a4","item_id":"36593","amount":1,"status":"reserved"}
stock-service-1        | [2026-03-19 10:56:50 +0000] [8] [INFO] {"ts":"2026-03-19T10:56:50.496052+00:00","event":"saga_release_complete","service":"stock-service","component":"participant","tx_id":"c0a0d57b-63d0-4491-8ca8-bbcdda465dd1","item_id":"68494","amount":1,"status":"released"}
stock-service-2        | [2026-03-19 10:56:46 +0000] [9] [INFO] {"ts":"2026-03-19T10:56:46.251225+00:00","event":"saga_worker_command_processed","service":"stock-service","component":"saga-worker","stream":"saga:cmd:stock:p3","message_id":"1773917806243-0","correlation_id":"b9d37a70-a8f3-42c1-a293-2f2973e64a29","tx_id":"c7f791f6-031c-4459-bea5-e16947c4a0a4","action":"reserve","partition":3,"ok":true,"retryable":false,"detail":"reserved","duration_ms":1.877}
stock-service-2        | [2026-03-19 10:56:46 +0000] [9] [INFO] {"ts":"2026-03-19T10:56:46.502660+00:00","event":"saga_reserve_complete","service":"stock-service","component":"participant","tx_id":"91b046d9-fb01-4973-b6f9-4409c13c581a","item_id":"61623","amount":1,"status":"already reserved"}
stock-db-replica-1     | 1:S 19 Mar 2026 10:39:25.269 * Background saving terminated with success
stock-service-2        | [2026-03-19 10:56:46 +0000] [9] [INFO] {"ts":"2026-03-19T10:56:46.508529+00:00","event":"saga_worker_command_processed","service":"stock-service","component":"saga-worker","stream":"saga:cmd:stock:p3","message_id":"1773917806500-0","correlation_id":"4fd91ff4-5a6d-4a9a-ab94-4a45a5e0924c","tx_id":"91b046d9-fb01-4973-b6f9-4409c13c581a","action":"reserve","partition":3,"ok":true,"retryable":false,"detail":"already reserved","duration_ms":1.931}
stock-service-1        | [2026-03-19 10:56:50 +0000] [8] [INFO] {"ts":"2026-03-19T10:56:50.512742+00:00","event":"saga_worker_command_processed","service":"stock-service","component":"saga-worker","stream":"saga:cmd:stock:p3","message_id":"1773917810481-0","correlation_id":"08424aec-5948-4807-8070-60e8857a9d46","tx_id":"c0a0d57b-63d0-4491-8ca8-bbcdda465dd1","action":"release","partition":3,"ok":true,"retryable":false,"detail":"released","duration_ms":1.734}
stock-service-1        | [2026-03-19 10:56:50 +0000] [8] [INFO] {"ts":"2026-03-19T10:56:50.588619+00:00","event":"prepare_begin","service":"stock-service","component":"participant","tx_id":"a772e66c-79ed-4f1f-865c-d8e5d56c1f4a","item_id":"c61d14db-dd5b-4691-8616-9d14327bdf19","amount":1}
stock-db-replica-1     | 1:S 19 Mar 2026 10:40:26.069 * 10000 changes in 60 seconds. Saving...
stock-db-replica-1     | 1:S 19 Mar 2026 10:40:26.075 * Background saving started by pid 30
stock-db-replica-1     | 30:C 19 Mar 2026 10:40:26.402 * DB saved on disk
stock-service-1        | [2026-03-19 10:56:50 +0000] [8] [WARNING] {"ts":"2026-03-19T10:56:50.590869+00:00","event":"prepare_failed","service":"stock-service","component":"participant","tx_id":"a772e66c-79ed-4f1f-865c-d8e5d56c1f4a","item_id":"c61d14db-dd5b-4691-8616-9d14327bdf19","amount":1,"detail":"Txn a772e66c-79ed-4f1f-865c-d8e5d56c1f4a: insufficient stock for item c61d14db-dd5b-4691-8616-9d14327bdf19","duration_ms":2.235}
order-service-2        | [2026-03-19 10:57:10 +0000] [134] [INFO] {"ts":"2026-03-19T10:57:10.766785+00:00","event":"saga_mq_result_applied","service":"order-service","component":"saga-mq","tx_id":"8f6d54c7-66c8-4943-b6df-bc7474ba92d9","participant":"stock","action":"reserve","correlation_id":"8f78e416-168c-4b72-b708-692fcb8e0acd","ok":"1","retryable":"0","detail":"reserved"}
order-service-2        | [2026-03-19 10:57:10 +0000] [134] [INFO] {"ts":"2026-03-19T10:57:10.902680+00:00","event":"saga_mq_result_applied","service":"order-service","component":"saga-mq","tx_id":"8f6d54c7-66c8-4943-b6df-bc7474ba92d9","participant":"stock","action":"reserve","correlation_id":"a5b253c6-1b69-4efb-8a2c-8a7a4f808e5d","ok":"1","retryable":"0","detail":"reserved"}
stock-service-1        | [2026-03-19 10:56:50 +0000] [8] [INFO] {"ts":"2026-03-19T10:56:50.665739+00:00","event":"saga_reserve_complete","service":"stock-service","component":"participant","tx_id":"b0d714a1-0e1f-487f-af64-ebd6ee04ead8","item_id":"15759","amount":1,"status":"already reserved"}
stock-service-1        | [2026-03-19 10:56:50 +0000] [8] [INFO] {"ts":"2026-03-19T10:56:50.673346+00:00","event":"saga_worker_command_processed","service":"stock-service","component":"saga-worker","stream":"saga:cmd:stock:p2","message_id":"1773917810650-0","correlation_id":"d5279910-be4c-4793-b7c4-79f600af0442","tx_id":"b0d714a1-0e1f-487f-af64-ebd6ee04ead8","action":"reserve","partition":2,"ok":true,"retryable":false,"detail":"already reserved","duration_ms":2.799}
stock-service-1        | [2026-03-19 10:56:50 +0000] [8] [INFO] {"ts":"2026-03-19T10:56:50.787763+00:00","event":"saga_reserve_complete","service":"stock-service","component":"participant","tx_id":"b0d714a1-0e1f-487f-af64-ebd6ee04ead8","item_id":"73672","amount":1,"status":"reserved"}
stock-service-1        | [2026-03-19 10:56:50 +0000] [8] [INFO] {"ts":"2026-03-19T10:56:50.796791+00:00","event":"saga_worker_command_processed","service":"stock-service","component":"saga-worker","stream":"saga:cmd:stock:p2","message_id":"1773917810784-0","correlation_id":"84bcaa56-c002-4f1a-970f-f3d284938c28","tx_id":"b0d714a1-0e1f-487f-af64-ebd6ee04ead8","action":"reserve","partition":2,"ok":true,"retryable":false,"detail":"reserved","duration_ms":2.535}
stock-service-1        | [2026-03-19 10:56:51 +0000] [8] [INFO] {"ts":"2026-03-19T10:56:51.098940+00:00","event":"saga_reserve_complete","service":"stock-service","component":"participant","tx_id":"5964ae0e-f127-414f-ba70-b455b058be49","item_id":"53932","amount":1,"status":"already reserved"}
stock-service-1        | [2026-03-19 10:56:51 +0000] [8] [INFO] {"ts":"2026-03-19T10:56:51.113381+00:00","event":"saga_worker_command_processed","service":"stock-service","component":"saga-worker","stream":"saga:cmd:stock:p2","message_id":"1773917811095-0","correlation_id":"df089ba1-a24c-4a1a-bf2b-8504859e0499","tx_id":"5964ae0e-f127-414f-ba70-b455b058be49","action":"reserve","partition":2,"ok":true,"retryable":false,"detail":"already reserved","duration_ms":2.438}
stock-service-1        | [2026-03-19 10:56:51 +0000] [8] [INFO] {"ts":"2026-03-19T10:56:51.171412+00:00","event":"saga_reserve_complete","service":"stock-service","component":"participant","tx_id":"5964ae0e-f127-414f-ba70-b455b058be49","item_id":"88889","amount":1,"status":"reserved"}
stock-service-1        | [2026-03-19 10:56:51 +0000] [8] [INFO] {"ts":"2026-03-19T10:56:51.176933+00:00","event":"saga_worker_command_processed","service":"stock-service","component":"saga-worker","stream":"saga:cmd:stock:p2","message_id":"1773917811168-0","correlation_id":"69ecbe8b-a41f-4ac5-a46a-e7b1fdf92c80","tx_id":"5964ae0e-f127-414f-ba70-b455b058be49","action":"reserve","partition":2,"ok":true,"retryable":false,"detail":"reserved","duration_ms":1.776}
stock-service-1        | [2026-03-19 10:56:51 +0000] [8] [INFO] {"ts":"2026-03-19T10:56:51.450461+00:00","event":"saga_reserve_complete","service":"stock-service","component":"participant","tx_id":"fc66a997-9d13-49c3-a317-170e8261075e","item_id":"88020","amount":1,"status":"already reserved"}
stock-service-1        | [2026-03-19 10:56:51 +0000] [8] [INFO] {"ts":"2026-03-19T10:56:51.457946+00:00","event":"saga_worker_command_processed","service":"stock-service","component":"saga-worker","stream":"saga:cmd:stock:p0","message_id":"1773917811433-0","correlation_id":"8d82c3ca-83c6-4dd9-bb2a-a446bed8932c","tx_id":"fc66a997-9d13-49c3-a317-170e8261075e","action":"reserve","partition":0,"ok":true,"retryable":false,"detail":"already reserved","duration_ms":7.9}
stock-service-1        | [2026-03-19 10:56:51 +0000] [8] [INFO] {"ts":"2026-03-19T10:56:51.542689+00:00","event":"saga_reserve_complete","service":"stock-service","component":"participant","tx_id":"fc66a997-9d13-49c3-a317-170e8261075e","item_id":"47887","amount":1,"status":"reserved"}
stock-service-1        | [2026-03-19 10:56:51 +0000] [8] [INFO] {"ts":"2026-03-19T10:56:51.545930+00:00","event":"saga_worker_command_processed","service":"stock-service","component":"saga-worker","stream":"saga:cmd:stock:p0","message_id":"1773917811528-0","correlation_id":"e97428cc-3e15-4f7e-aedb-31f483694760","tx_id":"fc66a997-9d13-49c3-a317-170e8261075e","action":"reserve","partition":0,"ok":true,"retryable":false,"detail":"reserved","duration_ms":3.156}
stock-service-1        | [2026-03-19 10:56:51 +0000] [8] [INFO] {"ts":"2026-03-19T10:56:51.810194+00:00","event":"saga_reserve_complete","service":"stock-service","component":"participant","tx_id":"3bbdb323-664e-4c4f-94b8-dc414ef3b9f2","item_id":"45448","amount":1,"status":"already reserved"}
stock-service-1        | [2026-03-19 10:56:51 +0000] [8] [INFO] {"ts":"2026-03-19T10:56:51.821825+00:00","event":"saga_worker_command_processed","service":"stock-service","component":"saga-worker","stream":"saga:cmd:stock:p3","message_id":"1773917811796-0","correlation_id":"17a8e0df-288c-4d83-97d5-73086d53f7eb","tx_id":"3bbdb323-664e-4c4f-94b8-dc414ef3b9f2","action":"reserve","partition":3,"ok":true,"retryable":false,"detail":"already reserved","duration_ms":1.533}
order-service-2        | [2026-03-19 10:57:10 +0000] [134] [INFO] {"ts":"2026-03-19T10:57:10.934160+00:00","event":"saga_mq_result_applied","service":"order-service","component":"saga-mq","tx_id":"f84f2915-c65e-40a5-8fa6-f9c32eaf6141","participant":"stock","action":"reserve","correlation_id":"c991bc8c-83fe-48ab-b632-8eb4d03eb802","ok":"1","retryable":"0","detail":"already reserved"}
order-service-2        | [2026-03-19 10:57:11 +0000] [134] [INFO] {"ts":"2026-03-19T10:57:11.041673+00:00","event":"saga_mq_result_applied","service":"order-service","component":"saga-mq","tx_id":"8f6d54c7-66c8-4943-b6df-bc7474ba92d9","participant":"payment","action":"debit","correlation_id":"92d7fb45-3f93-49e6-876b-e1b2c157a7fd","ok":"1","retryable":"0","detail":""}
order-service-2        | [2026-03-19 10:57:11 +0000] [134] [INFO] {"ts":"2026-03-19T10:57:11.119593+00:00","event":"saga_mq_result_applied","service":"order-service","component":"saga-mq","tx_id":"f84f2915-c65e-40a5-8fa6-f9c32eaf6141","participant":"stock","action":"reserve","correlation_id":"6b05706e-5bf4-4070-892d-6bc70485efc0","ok":"1","retryable":"0","detail":"reserved"}
